Archive member included to satisfy reference by file (symbol)

/usr/lib/gcc/arm-none-eabi/10.3.1/../../../arm-none-eabi/lib/thumb/v7e-m+fp/hard/libc_nano.a(lib_a-atexit.o)
                              /usr/lib/gcc/arm-none-eabi/10.3.1/../../../arm-none-eabi/lib/thumb/v7e-m+fp/hard/crt0.o (atexit)
/usr/lib/gcc/arm-none-eabi/10.3.1/../../../arm-none-eabi/lib/thumb/v7e-m+fp/hard/libc_nano.a(lib_a-exit.o)
                              /usr/lib/gcc/arm-none-eabi/10.3.1/../../../arm-none-eabi/lib/thumb/v7e-m+fp/hard/crt0.o (exit)
/usr/lib/gcc/arm-none-eabi/10.3.1/../../../arm-none-eabi/lib/thumb/v7e-m+fp/hard/libc_nano.a(lib_a-fini.o)
                              /usr/lib/gcc/arm-none-eabi/10.3.1/../../../arm-none-eabi/lib/thumb/v7e-m+fp/hard/crt0.o (__libc_fini_array)
/usr/lib/gcc/arm-none-eabi/10.3.1/../../../arm-none-eabi/lib/thumb/v7e-m+fp/hard/libc_nano.a(lib_a-impure.o)
                              /usr/lib/gcc/arm-none-eabi/10.3.1/../../../arm-none-eabi/lib/thumb/v7e-m+fp/hard/libc_nano.a(lib_a-exit.o) (_global_impure_ptr)
/usr/lib/gcc/arm-none-eabi/10.3.1/../../../arm-none-eabi/lib/thumb/v7e-m+fp/hard/libc_nano.a(lib_a-init.o)
                              /usr/lib/gcc/arm-none-eabi/10.3.1/../../../arm-none-eabi/lib/thumb/v7e-m+fp/hard/crt0.o (__libc_init_array)
/usr/lib/gcc/arm-none-eabi/10.3.1/../../../arm-none-eabi/lib/thumb/v7e-m+fp/hard/libc_nano.a(lib_a-memset.o)
                              /usr/lib/gcc/arm-none-eabi/10.3.1/../../../arm-none-eabi/lib/thumb/v7e-m+fp/hard/crt0.o (memset)
/usr/lib/gcc/arm-none-eabi/10.3.1/../../../arm-none-eabi/lib/thumb/v7e-m+fp/hard/libc_nano.a(lib_a-__atexit.o)
                              /usr/lib/gcc/arm-none-eabi/10.3.1/../../../arm-none-eabi/lib/thumb/v7e-m+fp/hard/libc_nano.a(lib_a-atexit.o) (__register_exitproc)
/usr/lib/gcc/arm-none-eabi/10.3.1/../../../arm-none-eabi/lib/thumb/v7e-m+fp/hard/libc_nano.a(lib_a-__call_atexit.o)
                              /usr/lib/gcc/arm-none-eabi/10.3.1/../../../arm-none-eabi/lib/thumb/v7e-m+fp/hard/libc_nano.a(lib_a-__atexit.o) (__call_exitprocs)
/usr/lib/gcc/arm-none-eabi/10.3.1/../../../arm-none-eabi/lib/thumb/v7e-m+fp/hard/libnosys.a(_exit.o)
                              /usr/lib/gcc/arm-none-eabi/10.3.1/../../../arm-none-eabi/lib/thumb/v7e-m+fp/hard/libc_nano.a(lib_a-exit.o) (_exit)
/usr/lib/gcc/arm-none-eabi/10.3.1/thumb/v7e-m+fp/hard/libgcc.a(_aeabi_uldivmod.o)
                              build/stm32f7xx_hal_rcc.o (__aeabi_uldivmod)
/usr/lib/gcc/arm-none-eabi/10.3.1/thumb/v7e-m+fp/hard/libgcc.a(_udivmoddi4.o)
                              /usr/lib/gcc/arm-none-eabi/10.3.1/thumb/v7e-m+fp/hard/libgcc.a(_aeabi_uldivmod.o) (__udivmoddi4)
/usr/lib/gcc/arm-none-eabi/10.3.1/thumb/v7e-m+fp/hard/libgcc.a(_dvmd_tls.o)
                              /usr/lib/gcc/arm-none-eabi/10.3.1/thumb/v7e-m+fp/hard/libgcc.a(_aeabi_uldivmod.o) (__aeabi_ldiv0)

Discarded input sections

 .text          0x0000000000000000        0x0 /usr/lib/gcc/arm-none-eabi/10.3.1/thumb/v7e-m+fp/hard/crti.o
 .data          0x0000000000000000        0x0 /usr/lib/gcc/arm-none-eabi/10.3.1/thumb/v7e-m+fp/hard/crti.o
 .bss           0x0000000000000000        0x0 /usr/lib/gcc/arm-none-eabi/10.3.1/thumb/v7e-m+fp/hard/crti.o
 .data          0x0000000000000000        0x4 /usr/lib/gcc/arm-none-eabi/10.3.1/thumb/v7e-m+fp/hard/crtbegin.o
 .rodata        0x0000000000000000       0x24 /usr/lib/gcc/arm-none-eabi/10.3.1/thumb/v7e-m+fp/hard/crtbegin.o
 .text          0x0000000000000000       0x70 /usr/lib/gcc/arm-none-eabi/10.3.1/../../../arm-none-eabi/lib/thumb/v7e-m+fp/hard/crt0.o
 .data          0x0000000000000000        0x0 /usr/lib/gcc/arm-none-eabi/10.3.1/../../../arm-none-eabi/lib/thumb/v7e-m+fp/hard/crt0.o
 .bss           0x0000000000000000        0x0 /usr/lib/gcc/arm-none-eabi/10.3.1/../../../arm-none-eabi/lib/thumb/v7e-m+fp/hard/crt0.o
 .ARM.extab     0x0000000000000000        0x0 /usr/lib/gcc/arm-none-eabi/10.3.1/../../../arm-none-eabi/lib/thumb/v7e-m+fp/hard/crt0.o
 .ARM.exidx     0x0000000000000000       0x10 /usr/lib/gcc/arm-none-eabi/10.3.1/../../../arm-none-eabi/lib/thumb/v7e-m+fp/hard/crt0.o
 .debug_line    0x0000000000000000       0x87 /usr/lib/gcc/arm-none-eabi/10.3.1/../../../arm-none-eabi/lib/thumb/v7e-m+fp/hard/crt0.o
 .debug_info    0x0000000000000000       0x26 /usr/lib/gcc/arm-none-eabi/10.3.1/../../../arm-none-eabi/lib/thumb/v7e-m+fp/hard/crt0.o
 .debug_abbrev  0x0000000000000000       0x14 /usr/lib/gcc/arm-none-eabi/10.3.1/../../../arm-none-eabi/lib/thumb/v7e-m+fp/hard/crt0.o
 .debug_aranges
                0x0000000000000000       0x20 /usr/lib/gcc/arm-none-eabi/10.3.1/../../../arm-none-eabi/lib/thumb/v7e-m+fp/hard/crt0.o
 .debug_str     0x0000000000000000       0x98 /usr/lib/gcc/arm-none-eabi/10.3.1/../../../arm-none-eabi/lib/thumb/v7e-m+fp/hard/crt0.o
 .ARM.attributes
                0x0000000000000000       0x1c /usr/lib/gcc/arm-none-eabi/10.3.1/../../../arm-none-eabi/lib/thumb/v7e-m+fp/hard/crt0.o
[...]
Memory Configuration

Name             Origin             Length             Attributes
RAM              0x0000000020000000 0x0000000000050000 xrw
FLASH            0x0000000008000000 0x0000000000100000 xr
*default*        0x0000000000000000 0xffffffffffffffff

Linker script and memory map

LOAD /usr/lib/gcc/arm-none-eabi/10.3.1/thumb/v7e-m+fp/hard/crti.o
LOAD /usr/lib/gcc/arm-none-eabi/10.3.1/thumb/v7e-m+fp/hard/crtbegin.o
LOAD /usr/lib/gcc/arm-none-eabi/10.3.1/../../../arm-none-eabi/lib/thumb/v7e-m+fp/hard/crt0.o
LOAD build/main.o
LOAD build/gpio.o
LOAD build/dma.o
LOAD build/usart.o
LOAD build/stm32f7xx_it.o
LOAD build/stm32f7xx_hal_msp.o
LOAD build/stm32f7xx_hal_cortex.o
LOAD build/stm32f7xx_hal_tim.o
LOAD build/stm32f7xx_hal_tim_ex.o
LOAD build/stm32f7xx_hal_uart.o
LOAD build/stm32f7xx_hal_uart_ex.o
LOAD build/stm32f7xx_hal_rcc.o
LOAD build/stm32f7xx_hal_rcc_ex.o
LOAD build/stm32f7xx_hal_flash.o
LOAD build/stm32f7xx_hal_flash_ex.o
LOAD build/stm32f7xx_hal_gpio.o
LOAD build/stm32f7xx_hal_dma.o
LOAD build/stm32f7xx_hal_dma_ex.o
LOAD build/stm32f7xx_hal_pwr.o
LOAD build/stm32f7xx_hal_pwr_ex.o
LOAD build/stm32f7xx_hal.o
LOAD build/stm32f7xx_hal_i2c.o
LOAD build/stm32f7xx_hal_i2c_ex.o
LOAD build/stm32f7xx_hal_exti.o
LOAD build/system_stm32f7xx.o
LOAD build/startup_stm32f746xx.o
LOAD /usr/lib/gcc/arm-none-eabi/10.3.1/../../../arm-none-eabi/lib/thumb/v7e-m+fp/hard/libc_nano.a
LOAD /usr/lib/gcc/arm-none-eabi/10.3.1/../../../arm-none-eabi/lib/thumb/v7e-m+fp/hard/libm.a
LOAD /usr/lib/gcc/arm-none-eabi/10.3.1/../../../arm-none-eabi/lib/thumb/v7e-m+fp/hard/libnosys.a
START GROUP
LOAD /usr/lib/gcc/arm-none-eabi/10.3.1/thumb/v7e-m+fp/hard/libgcc.a
LOAD /usr/lib/gcc/arm-none-eabi/10.3.1/../../../arm-none-eabi/lib/thumb/v7e-m+fp/hard/libc_nano.a
END GROUP
START GROUP
LOAD /usr/lib/gcc/arm-none-eabi/10.3.1/thumb/v7e-m+fp/hard/libgcc.a
LOAD /usr/lib/gcc/arm-none-eabi/10.3.1/../../../arm-none-eabi/lib/thumb/v7e-m+fp/hard/libc_nano.a
END GROUP
LOAD /usr/lib/gcc/arm-none-eabi/10.3.1/thumb/v7e-m+fp/hard/crtend.o
LOAD /usr/lib/gcc/arm-none-eabi/10.3.1/thumb/v7e-m+fp/hard/crtn.o
                0x0000000020050000                _estack = (ORIGIN (RAM) + LENGTH (RAM))
                0x0000000000000200                _Min_Heap_Size = 0x200
                0x0000000000000400                _Min_Stack_Size = 0x400

.isr_vector     0x0000000008000000      0x1c8
                0x0000000008000000                . = ALIGN (0x4)
 *(.isr_vector)
 .isr_vector    0x0000000008000000      0x1c8 build/startup_stm32f746xx.o
                0x0000000008000000                g_pfnVectors
                0x00000000080001c8                . = ALIGN (0x4)

.text           0x00000000080001c8     0x2e74
                0x00000000080001c8                . = ALIGN (0x4)
 *(.text)
 .text          0x00000000080001c8       0x88 /usr/lib/gcc/arm-none-eabi/10.3.1/thumb/v7e-m+fp/hard/crtbegin.o
 .text          0x0000000008000250       0x48 /usr/lib/gcc/arm-none-eabi/10.3.1/../../../arm-none-eabi/lib/thumb/v7e-m+fp/hard/libc_nano.a(lib_a-init.o)
                0x0000000008000250                __libc_init_array
 .text          0x0000000008000298       0xa4 /usr/lib/gcc/arm-none-eabi/10.3.1/../../../arm-none-eabi/lib/thumb/v7e-m+fp/hard/libc_nano.a(lib_a-memset.o)
                0x0000000008000298                memset
 .text          0x000000000800033c       0x30 /usr/lib/gcc/arm-none-eabi/10.3.1/thumb/v7e-m+fp/hard/libgcc.a(_aeabi_uldivmod.o)
                0x000000000800033c                __aeabi_uldivmod
 .text          0x000000000800036c      0x2d0 /usr/lib/gcc/arm-none-eabi/10.3.1/thumb/v7e-m+fp/hard/libgcc.a(_udivmoddi4.o)
                0x000000000800036c                __udivmoddi4
 .text          0x000000000800063c        0x4 /usr/lib/gcc/arm-none-eabi/10.3.1/thumb/v7e-m+fp/hard/libgcc.a(_dvmd_tls.o)
                0x000000000800063c                __aeabi_ldiv0
                0x000000000800063c                __aeabi_idiv0
 *(.text*)
 .text.uart_send_byte
                0x0000000008000640       0x18 build/main.o
                0x0000000008000640                uart_send_byte
 .text.print_string
                0x0000000008000658       0x16 build/main.o
                0x0000000008000658                print_string
 .text.seek_string_end
                0x000000000800066e       0x12 build/main.o
                0x000000000800066e                seek_string_end
 .text.M_CLEAN_BUF
                0x0000000008000680       0x10 build/main.o
                0x0000000008000680                M_CLEAN_BUF
 .text.HAL_UART_IDLE_Callback
                0x0000000008000690       0x60 build/main.o
                0x0000000008000690                HAL_UART_IDLE_Callback
 .text.HAL_UART_ErrorCallback
                0x00000000080006f0       0xe4 build/main.o
                0x00000000080006f0                HAL_UART_ErrorCallback
 .text.Error_Handler
                0x00000000080007d4        0x4 build/main.o
                0x00000000080007d4                Error_Handler
 .text.SystemClock_Config
                0x00000000080007d8       0x88 build/main.o
                0x00000000080007d8                SystemClock_Config
 .text.main     0x0000000008000860       0x3c build/main.o
                0x0000000008000860                main
 .text.MX_GPIO_Init
                0x000000000800089c       0x30 build/gpio.o
                0x000000000800089c                MX_GPIO_Init
 .text.MX_DMA_Init
                0x00000000080008cc       0x44 build/dma.o
                0x00000000080008cc                MX_DMA_Init
 .text.MX_UART7_Init
                0x0000000008000910       0x38 build/usart.o
                0x0000000008000910                MX_UART7_Init
 .text.MX_USART6_UART_Init
                0x0000000008000948       0x38 build/usart.o
                0x0000000008000948                MX_USART6_UART_Init
 .text.HAL_UART_MspInit
                0x0000000008000980      0x17c build/usart.o
                0x0000000008000980                HAL_UART_MspInit
 .text.NMI_Handler
                0x0000000008000afc        0x2 build/stm32f7xx_it.o
                0x0000000008000afc                NMI_Handler
 .text.HardFault_Handler
                0x0000000008000afe        0x2 build/stm32f7xx_it.o
                0x0000000008000afe                HardFault_Handler
 .text.MemManage_Handler
                0x0000000008000b00        0x2 build/stm32f7xx_it.o
                0x0000000008000b00                MemManage_Handler
 .text.BusFault_Handler
                0x0000000008000b02        0x2 build/stm32f7xx_it.o
                0x0000000008000b02                BusFault_Handler
 .text.UsageFault_Handler
                0x0000000008000b04        0x2 build/stm32f7xx_it.o
                0x0000000008000b04                UsageFault_Handler
 .text.SVC_Handler
                0x0000000008000b06        0x2 build/stm32f7xx_it.o
                0x0000000008000b06                SVC_Handler
 .text.DebugMon_Handler
                0x0000000008000b08        0x2 build/stm32f7xx_it.o
                0x0000000008000b08                DebugMon_Handler
 .text.PendSV_Handler
                0x0000000008000b0a        0x2 build/stm32f7xx_it.o
                0x0000000008000b0a                PendSV_Handler
 .text.SysTick_Handler
                0x0000000008000b0c        0x8 build/stm32f7xx_it.o
                0x0000000008000b0c                SysTick_Handler
 .text.DMA1_Stream1_IRQHandler
                0x0000000008000b14       0x10 build/stm32f7xx_it.o
                0x0000000008000b14                DMA1_Stream1_IRQHandler
 .text.DMA1_Stream3_IRQHandler
                0x0000000008000b24       0x10 build/stm32f7xx_it.o
                0x0000000008000b24                DMA1_Stream3_IRQHandler
 .text.USART6_IRQHandler
                0x0000000008000b34       0x10 build/stm32f7xx_it.o
                0x0000000008000b34                USART6_IRQHandler
 .text.HAL_MspInit
                0x0000000008000b44       0x30 build/stm32f7xx_hal_msp.o
                0x0000000008000b44                HAL_MspInit
 .text.HAL_NVIC_SetPriorityGrouping
                0x0000000008000b74       0x24 build/stm32f7xx_hal_cortex.o
                0x0000000008000b74                HAL_NVIC_SetPriorityGrouping
 .text.HAL_NVIC_SetPriority
                0x0000000008000b98       0x6c build/stm32f7xx_hal_cortex.o
                0x0000000008000b98                HAL_NVIC_SetPriority
 .text.HAL_NVIC_EnableIRQ
                0x0000000008000c04       0x1c build/stm32f7xx_hal_cortex.o
                0x0000000008000c04                HAL_NVIC_EnableIRQ
 .text.HAL_SYSTICK_Config
                0x0000000008000c20       0x28 build/stm32f7xx_hal_cortex.o
                0x0000000008000c20                HAL_SYSTICK_Config
 .text.UART_EndTxTransfer
                0x0000000008000c48       0x18 build/stm32f7xx_hal_uart.o
 .text.UART_EndRxTransfer
                0x0000000008000c60       0x52 build/stm32f7xx_hal_uart.o
 *fill*         0x0000000008000cb2        0x2 
 .text.HAL_UART_Transmit_DMA
                0x0000000008000cb4       0x94 build/stm32f7xx_hal_uart.o
                0x0000000008000cb4                HAL_UART_Transmit_DMA
 .text.HAL_UART_AbortReceive
                0x0000000008000d48       0xae build/stm32f7xx_hal_uart.o
                0x0000000008000d48                HAL_UART_AbortReceive
 .text.HAL_UART_TxCpltCallback
                0x0000000008000df6        0x2 build/stm32f7xx_hal_uart.o
                0x0000000008000df6                HAL_UART_TxCpltCallback
 .text.UART_DMATransmitCplt
                0x0000000008000df8       0x46 build/stm32f7xx_hal_uart.o
 .text.UART_EndTransmit_IT
                0x0000000008000e3e       0x22 build/stm32f7xx_hal_uart.o
 .text.HAL_UART_TxHalfCpltCallback
                0x0000000008000e60        0x2 build/stm32f7xx_hal_uart.o
                0x0000000008000e60                HAL_UART_TxHalfCpltCallback
 .text.UART_DMATxHalfCplt
                0x0000000008000e62        0xa build/stm32f7xx_hal_uart.o
 .text.HAL_UART_RxCpltCallback
                0x0000000008000e6c        0x2 build/stm32f7xx_hal_uart.o
                0x0000000008000e6c                HAL_UART_RxCpltCallback
 .text.UART_DMAError
                0x0000000008000e6e       0x56 build/stm32f7xx_hal_uart.o
 .text.UART_DMAAbortOnError
                0x0000000008000ec4       0x14 build/stm32f7xx_hal_uart.o
 .text.HAL_UART_AbortCpltCallback
                0x0000000008000ed8        0x2 build/stm32f7xx_hal_uart.o
                0x0000000008000ed8                HAL_UART_AbortCpltCallback
 *fill*         0x0000000008000eda        0x2 
 .text.HAL_UART_Abort_IT
                0x0000000008000edc      0x130 build/stm32f7xx_hal_uart.o
                0x0000000008000edc                HAL_UART_Abort_IT
 .text.UART_DMARxAbortCallback
                0x000000000800100c       0x40 build/stm32f7xx_hal_uart.o
 .text.UART_DMATxAbortCallback
                0x000000000800104c       0x36 build/stm32f7xx_hal_uart.o
 .text.HAL_UARTEx_RxEventCallback
                0x0000000008001082        0x2 build/stm32f7xx_hal_uart.o
                0x0000000008001082                HAL_UARTEx_RxEventCallback
 .text.HAL_UART_IRQHandler
                0x0000000008001084      0x2e8 build/stm32f7xx_hal_uart.o
                0x0000000008001084                HAL_UART_IRQHandler
 .text.UART_RxISR_8BIT
                0x000000000800136c       0xb4 build/stm32f7xx_hal_uart.o
 .text.UART_RxISR_16BIT
                0x0000000008001420       0xb2 build/stm32f7xx_hal_uart.o
 .text.HAL_UART_GetError
                0x00000000080014d2        0x6 build/stm32f7xx_hal_uart.o
                0x00000000080014d2                HAL_UART_GetError
 .text.UART_SetConfig
                0x00000000080014d8      0x330 build/stm32f7xx_hal_uart.o
                0x00000000080014d8                UART_SetConfig
 .text.UART_AdvFeatureConfig
                0x0000000008001808       0xca build/stm32f7xx_hal_uart.o
                0x0000000008001808                UART_AdvFeatureConfig
 .text.UART_WaitOnFlagUntilTimeout
                0x00000000080018d2       0xd8 build/stm32f7xx_hal_uart.o
                0x00000000080018d2                UART_WaitOnFlagUntilTimeout
 .text.HAL_UART_Transmit
                0x00000000080019aa       0xbc build/stm32f7xx_hal_uart.o
                0x00000000080019aa                HAL_UART_Transmit
 .text.UART_CheckIdleState
                0x0000000008001a66       0x4c build/stm32f7xx_hal_uart.o
                0x0000000008001a66                UART_CheckIdleState
 .text.HAL_UART_Init
                0x0000000008001ab2       0x62 build/stm32f7xx_hal_uart.o
                0x0000000008001ab2                HAL_UART_Init
 .text.UART_Start_Receive_IT
                0x0000000008001b14       0xd4 build/stm32f7xx_hal_uart.o
                0x0000000008001b14                UART_Start_Receive_IT
 .text.HAL_UART_Receive_IT
                0x0000000008001be8       0x40 build/stm32f7xx_hal_uart.o
                0x0000000008001be8                HAL_UART_Receive_IT
 .text.HAL_RCC_OscConfig
                0x0000000008001c28      0x434 build/stm32f7xx_hal_rcc.o
                0x0000000008001c28                HAL_RCC_OscConfig
 .text.HAL_RCC_GetSysClockFreq
                0x000000000800205c       0xa4 build/stm32f7xx_hal_rcc.o
                0x000000000800205c                HAL_RCC_GetSysClockFreq
 .text.HAL_RCC_ClockConfig
                0x0000000008002100      0x16c build/stm32f7xx_hal_rcc.o
                0x0000000008002100                HAL_RCC_ClockConfig
 .text.HAL_RCC_GetHCLKFreq
                0x000000000800226c        0xc build/stm32f7xx_hal_rcc.o
                0x000000000800226c                HAL_RCC_GetHCLKFreq
 .text.HAL_RCC_GetPCLK1Freq
                0x0000000008002278       0x20 build/stm32f7xx_hal_rcc.o
                0x0000000008002278                HAL_RCC_GetPCLK1Freq
 .text.HAL_RCC_GetPCLK2Freq
                0x0000000008002298       0x20 build/stm32f7xx_hal_rcc.o
                0x0000000008002298                HAL_RCC_GetPCLK2Freq
 .text.HAL_RCCEx_PeriphCLKConfig
                0x00000000080022b8      0x5ac build/stm32f7xx_hal_rcc_ex.o
                0x00000000080022b8                HAL_RCCEx_PeriphCLKConfig
 .text.HAL_GPIO_Init
                0x0000000008002864      0x1f8 build/stm32f7xx_hal_gpio.o
                0x0000000008002864                HAL_GPIO_Init
 .text.DMA_SetConfig
                0x0000000008002a5c       0x2c build/stm32f7xx_hal_dma.o
 .text.DMA_CalcBaseAndBitshift
                0x0000000008002a88       0x40 build/stm32f7xx_hal_dma.o
 .text.DMA_CheckFifoParam
                0x0000000008002ac8       0x8e build/stm32f7xx_hal_dma.o
 *fill*         0x0000000008002b56        0x2 
 .text.HAL_DMA_Init
                0x0000000008002b58       0xcc build/stm32f7xx_hal_dma.o
                0x0000000008002b58                HAL_DMA_Init
 .text.HAL_DMA_Start_IT
                0x0000000008002c24       0x74 build/stm32f7xx_hal_dma.o
                0x0000000008002c24                HAL_DMA_Start_IT
 .text.HAL_DMA_Abort
                0x0000000008002c98       0x94 build/stm32f7xx_hal_dma.o
                0x0000000008002c98                HAL_DMA_Abort
 .text.HAL_DMA_Abort_IT
                0x0000000008002d2c       0x26 build/stm32f7xx_hal_dma.o
                0x0000000008002d2c                HAL_DMA_Abort_IT
 *fill*         0x0000000008002d52        0x2 
 .text.HAL_DMA_IRQHandler
                0x0000000008002d54      0x1dc build/stm32f7xx_hal_dma.o
                0x0000000008002d54                HAL_DMA_IRQHandler
 .text.HAL_DMA_GetError
                0x0000000008002f30        0x4 build/stm32f7xx_hal_dma.o
                0x0000000008002f30                HAL_DMA_GetError
 .text.HAL_InitTick
                0x0000000008002f34       0x4c build/stm32f7xx_hal.o
                0x0000000008002f34                HAL_InitTick
 .text.HAL_Init
                0x0000000008002f80       0x16 build/stm32f7xx_hal.o
                0x0000000008002f80                HAL_Init
 *fill*         0x0000000008002f96        0x2 
 .text.HAL_IncTick
                0x0000000008002f98       0x18 build/stm32f7xx_hal.o
                0x0000000008002f98                HAL_IncTick
 .text.HAL_GetTick
                0x0000000008002fb0        0xc build/stm32f7xx_hal.o
                0x0000000008002fb0                HAL_GetTick
 .text.SystemInit
                0x0000000008002fbc       0x14 build/system_stm32f7xx.o
                0x0000000008002fbc                SystemInit
 .text.Reset_Handler
                0x0000000008002fd0       0x50 build/startup_stm32f746xx.o
                0x0000000008002fd0                Reset_Handler
 .text.Default_Handler
                0x0000000008003020        0x2 build/startup_stm32f746xx.o
                0x0000000008003020                RTC_Alarm_IRQHandler
                0x0000000008003020                EXTI2_IRQHandler
                0x0000000008003020                TIM8_CC_IRQHandler
                0x0000000008003020                UART8_IRQHandler
                0x0000000008003020                SPI4_IRQHandler
                0x0000000008003020                TIM1_CC_IRQHandler
                0x0000000008003020                DMA2_Stream5_IRQHandler
                0x0000000008003020                DMA1_Stream5_IRQHandler
                0x0000000008003020                PVD_IRQHandler
                0x0000000008003020                TAMP_STAMP_IRQHandler
                0x0000000008003020                CAN2_RX1_IRQHandler
                0x0000000008003020                EXTI3_IRQHandler
                0x0000000008003020                TIM8_TRG_COM_TIM14_IRQHandler
                0x0000000008003020                TIM1_UP_TIM10_IRQHandler
                0x0000000008003020                TIM8_UP_TIM13_IRQHandler
                0x0000000008003020                I2C3_ER_IRQHandler
                0x0000000008003020                EXTI0_IRQHandler
                0x0000000008003020                I2C2_EV_IRQHandler
                0x0000000008003020                DMA1_Stream2_IRQHandler
                0x0000000008003020                CAN1_RX0_IRQHandler
                0x0000000008003020                FPU_IRQHandler
                0x0000000008003020                OTG_HS_WKUP_IRQHandler
                0x0000000008003020                LTDC_ER_IRQHandler
                0x0000000008003020                CAN2_SCE_IRQHandler
                0x0000000008003020                DMA2_Stream2_IRQHandler
                0x0000000008003020                SPI1_IRQHandler
                0x0000000008003020                TIM6_DAC_IRQHandler
                0x0000000008003020                TIM1_BRK_TIM9_IRQHandler
                0x0000000008003020                DCMI_IRQHandler
                0x0000000008003020                CAN2_RX0_IRQHandler
                0x0000000008003020                DMA2_Stream3_IRQHandler
                0x0000000008003020                SAI2_IRQHandler
                0x0000000008003020                USART3_IRQHandler
                0x0000000008003020                CAN1_RX1_IRQHandler
                0x0000000008003020                UART5_IRQHandler
                0x0000000008003020                DMA2_Stream0_IRQHandler
                0x0000000008003020                TIM4_IRQHandler
                0x0000000008003020                QUADSPI_IRQHandler
                0x0000000008003020                I2C1_EV_IRQHandler
                0x0000000008003020                DMA1_Stream6_IRQHandler
                0x0000000008003020                UART4_IRQHandler
                0x0000000008003020                TIM3_IRQHandler
                0x0000000008003020                RCC_IRQHandler
                0x0000000008003020                TIM8_BRK_TIM12_IRQHandler
                0x0000000008003020                Default_Handler
                0x0000000008003020                CEC_IRQHandler
                0x0000000008003020                EXTI15_10_IRQHandler
                0x0000000008003020                ADC_IRQHandler
                0x0000000008003020                DMA1_Stream7_IRQHandler
                0x0000000008003020                SPI5_IRQHandler
                0x0000000008003020                TIM7_IRQHandler
                0x0000000008003020                SDMMC1_IRQHandler
                0x0000000008003020                CAN2_TX_IRQHandler
                0x0000000008003020                TIM5_IRQHandler
                0x0000000008003020                DMA2_Stream7_IRQHandler
                0x0000000008003020                I2C3_EV_IRQHandler
                0x0000000008003020                EXTI9_5_IRQHandler
                0x0000000008003020                RTC_WKUP_IRQHandler
                0x0000000008003020                LTDC_IRQHandler
                0x0000000008003020                ETH_WKUP_IRQHandler
                0x0000000008003020                SPDIF_RX_IRQHandler
                0x0000000008003020                SPI2_IRQHandler
                0x0000000008003020                OTG_HS_EP1_IN_IRQHandler
                0x0000000008003020                DMA1_Stream0_IRQHandler
                0x0000000008003020                CAN1_TX_IRQHandler
                0x0000000008003020                EXTI4_IRQHandler
                0x0000000008003020                RNG_IRQHandler
                0x0000000008003020                ETH_IRQHandler
                0x0000000008003020                OTG_HS_EP1_OUT_IRQHandler
                0x0000000008003020                WWDG_IRQHandler
                0x0000000008003020                SPI6_IRQHandler
                0x0000000008003020                I2C4_EV_IRQHandler
                0x0000000008003020                TIM2_IRQHandler
                0x0000000008003020                OTG_FS_WKUP_IRQHandler
                0x0000000008003020                TIM1_TRG_COM_TIM11_IRQHandler
                0x0000000008003020                OTG_HS_IRQHandler
                0x0000000008003020                DMA2D_IRQHandler
                0x0000000008003020                EXTI1_IRQHandler
                0x0000000008003020                UART7_IRQHandler
                0x0000000008003020                USART2_IRQHandler
                0x0000000008003020                I2C2_ER_IRQHandler
                0x0000000008003020                DMA2_Stream1_IRQHandler
                0x0000000008003020                CAN1_SCE_IRQHandler
                0x0000000008003020                FLASH_IRQHandler
                0x0000000008003020                DMA2_Stream4_IRQHandler
                0x0000000008003020                USART1_IRQHandler
                0x0000000008003020                OTG_FS_IRQHandler
                0x0000000008003020                SPI3_IRQHandler
                0x0000000008003020                DMA1_Stream4_IRQHandler
                0x0000000008003020                I2C1_ER_IRQHandler
                0x0000000008003020                FMC_IRQHandler
                0x0000000008003020                LPTIM1_IRQHandler
                0x0000000008003020                I2C4_ER_IRQHandler
                0x0000000008003020                DMA2_Stream6_IRQHandler
                0x0000000008003020                SAI1_IRQHandler
 *(.glue_7)
 .glue_7        0x0000000008003022        0x0 linker stubs
 *(.glue_7t)
 .glue_7t       0x0000000008003022        0x0 linker stubs
 *(.eh_frame)
 *fill*         0x0000000008003022        0x2 
 .eh_frame      0x0000000008003024        0x0 /usr/lib/gcc/arm-none-eabi/10.3.1/thumb/v7e-m+fp/hard/crtbegin.o
 *(.init)
 .init          0x0000000008003024        0x4 /usr/lib/gcc/arm-none-eabi/10.3.1/thumb/v7e-m+fp/hard/crti.o
                0x0000000008003024                _init
 .init          0x0000000008003028        0x8 /usr/lib/gcc/arm-none-eabi/10.3.1/thumb/v7e-m+fp/hard/crtn.o
 *(.fini)
 .fini          0x0000000008003030        0x4 /usr/lib/gcc/arm-none-eabi/10.3.1/thumb/v7e-m+fp/hard/crti.o
                0x0000000008003030                _fini
 .fini          0x0000000008003034        0x8 /usr/lib/gcc/arm-none-eabi/10.3.1/thumb/v7e-m+fp/hard/crtn.o
                0x000000000800303c                . = ALIGN (0x4)
                0x000000000800303c                _etext = .

.vfp11_veneer   0x000000000800303c        0x0
 .vfp11_veneer  0x000000000800303c        0x0 linker stubs

.v4_bx          0x000000000800303c        0x0
 .v4_bx         0x000000000800303c        0x0 linker stubs

.iplt           0x000000000800303c        0x0
 .iplt          0x000000000800303c        0x0 /usr/lib/gcc/arm-none-eabi/10.3.1/thumb/v7e-m+fp/hard/crtbegin.o

.rodata         0x000000000800303c       0x58
                0x000000000800303c                . = ALIGN (0x4)
 *(.rodata)
 *(.rodata*)
 .rodata.HAL_UART_ErrorCallback.str1.4
                0x000000000800303c       0x38 build/main.o
 .rodata.flagBitshiftOffset.0
                0x0000000008003074        0x8 build/stm32f7xx_hal_dma.o
 .rodata.AHBPrescTable
                0x000000000800307c       0x10 build/system_stm32f7xx.o
                0x000000000800307c                AHBPrescTable
 .rodata.APBPrescTable
                0x000000000800308c        0x8 build/system_stm32f7xx.o
                0x000000000800308c                APBPrescTable
                0x0000000008003094                . = ALIGN (0x4)

.ARM.extab
 *(.ARM.extab* .gnu.linkonce.armextab.*)

.ARM            0x0000000008003094        0x8
                0x0000000008003094                __exidx_start = .
 *(.ARM.exidx*)
 .ARM.exidx     0x0000000008003094        0x8 /usr/lib/gcc/arm-none-eabi/10.3.1/thumb/v7e-m+fp/hard/libgcc.a(_udivmoddi4.o)
                0x000000000800309c                __exidx_end = .

.rel.dyn        0x000000000800309c        0x0
 .rel.iplt      0x000000000800309c        0x0 /usr/lib/gcc/arm-none-eabi/10.3.1/thumb/v7e-m+fp/hard/crtbegin.o

.preinit_array  0x000000000800309c        0x0
                0x000000000800309c                PROVIDE (__preinit_array_start = .)
 *(.preinit_array*)
                0x000000000800309c                PROVIDE (__preinit_array_end = .)

.init_array     0x000000000800309c        0x4
                0x000000000800309c                PROVIDE (__init_array_start = .)
 *(SORT_BY_NAME(.init_array.*))
 *(.init_array*)
 .init_array    0x000000000800309c        0x4 /usr/lib/gcc/arm-none-eabi/10.3.1/thumb/v7e-m+fp/hard/crtbegin.o
                0x00000000080030a0                PROVIDE (__init_array_end = .)

.fini_array     0x00000000080030a0        0x4
                0x00000000080030a0                PROVIDE (__fini_array_start = .)
 *(SORT_BY_NAME(.fini_array.*))
 *(.fini_array*)
 .fini_array    0x00000000080030a0        0x4 /usr/lib/gcc/arm-none-eabi/10.3.1/thumb/v7e-m+fp/hard/crtbegin.o
                0x00000000080030a4                PROVIDE (__fini_array_end = .)
                0x00000000080030a4                _sidata = LOADADDR (.data)

.data           0x0000000020000000        0xc load address 0x00000000080030a4
                0x0000000020000000                . = ALIGN (0x4)
                0x0000000020000000                _sdata = .
 *(.data)
 *(.data*)
 .data.uwTickFreq
                0x0000000020000000        0x1 build/stm32f7xx_hal.o
                0x0000000020000000                uwTickFreq
 *fill*         0x0000000020000001        0x3 
 .data.uwTickPrio
                0x0000000020000004        0x4 build/stm32f7xx_hal.o
                0x0000000020000004                uwTickPrio
 .data.SystemCoreClock
                0x0000000020000008        0x4 build/system_stm32f7xx.o
                0x0000000020000008                SystemCoreClock
                0x000000002000000c                . = ALIGN (0x4)
                0x000000002000000c                _edata = .

.tm_clone_table
                0x000000002000000c        0x0 load address 0x00000000080030b0
 .tm_clone_table
                0x000000002000000c        0x0 /usr/lib/gcc/arm-none-eabi/10.3.1/thumb/v7e-m+fp/hard/crtbegin.o
 .tm_clone_table
                0x000000002000000c        0x0 /usr/lib/gcc/arm-none-eabi/10.3.1/thumb/v7e-m+fp/hard/crtend.o

.igot.plt       0x000000002000000c        0x0 load address 0x00000000080030b0
 .igot.plt      0x000000002000000c        0x0 /usr/lib/gcc/arm-none-eabi/10.3.1/thumb/v7e-m+fp/hard/crtbegin.o
                0x000000002000000c                . = ALIGN (0x4)

.bss            0x000000002000000c      0x254 load address 0x00000000080030b0
                0x000000002000000c                _sbss = .
                0x000000002000000c                __bss_start__ = _sbss
 *(.bss)
 .bss           0x000000002000000c       0x1c /usr/lib/gcc/arm-none-eabi/10.3.1/thumb/v7e-m+fp/hard/crtbegin.o
 *(.bss*)
 .bss.buffer    0x0000000020000028       0x64 build/main.o
                0x0000000020000028                buffer
 .bss.hdma_uart7_rx
                0x000000002000008c       0x60 build/usart.o
                0x000000002000008c                hdma_uart7_rx
 .bss.hdma_uart7_tx
                0x00000000200000ec       0x60 build/usart.o
                0x00000000200000ec                hdma_uart7_tx
 .bss.huart6    0x000000002000014c       0x88 build/usart.o
                0x000000002000014c                huart6
 .bss.huart7    0x00000000200001d4       0x88 build/usart.o
                0x00000000200001d4                huart7
 .bss.uwTick    0x000000002000025c        0x4 build/stm32f7xx_hal.o
                0x000000002000025c                uwTick
 *(COMMON)
                0x0000000020000260                . = ALIGN (0x4)
                0x0000000020000260                _ebss = .
                0x0000000020000260                __bss_end__ = _ebss

._user_heap_stack
                0x0000000020000260      0x600 load address 0x00000000080030b0
                0x0000000020000260                . = ALIGN (0x8)
                [!provide]                        PROVIDE (end = .)
                [!provide]                        PROVIDE (_end = .)
                0x0000000020000460                . = (. + _Min_Heap_Size)
 *fill*         0x0000000020000260      0x200 
                0x0000000020000860                . = (. + _Min_Stack_Size)
 *fill*         0x0000000020000460      0x400 
                0x0000000020000860                . = ALIGN (0x8)

/DISCARD/
 libc.a(*)
 libm.a(*)
 libgcc.a(*)

.ARM.attributes
                0x0000000000000000       0x30
 *(.ARM.attributes)
 .ARM.attributes
                0x0000000000000000       0x1e /usr/lib/gcc/arm-none-eabi/10.3.1/thumb/v7e-m+fp/hard/crti.o
 .ARM.attributes
                0x000000000000001e       0x34 /usr/lib/gcc/arm-none-eabi/10.3.1/thumb/v7e-m+fp/hard/crtbegin.o
 .ARM.attributes
                0x0000000000000052       0x34 build/main.o
 .ARM.attributes
                0x0000000000000086       0x34 build/gpio.o
 .ARM.attributes
                0x00000000000000ba       0x34 build/dma.o
 .ARM.attributes
                0x00000000000000ee       0x34 build/usart.o
 .ARM.attributes
                0x0000000000000122       0x34 build/stm32f7xx_it.o
 .ARM.attributes
                0x0000000000000156       0x34 build/stm32f7xx_hal_msp.o
 .ARM.attributes
                0x000000000000018a       0x34 build/stm32f7xx_hal_cortex.o
 .ARM.attributes
                0x00000000000001be       0x34 build/stm32f7xx_hal_uart.o
 .ARM.attributes
                0x00000000000001f2       0x34 build/stm32f7xx_hal_rcc.o
 .ARM.attributes
                0x0000000000000226       0x34 build/stm32f7xx_hal_rcc_ex.o
 .ARM.attributes
                0x000000000000025a       0x34 build/stm32f7xx_hal_gpio.o
 .ARM.attributes
                0x000000000000028e       0x34 build/stm32f7xx_hal_dma.o
 .ARM.attributes
                0x00000000000002c2       0x34 build/stm32f7xx_hal.o
 .ARM.attributes
                0x00000000000002f6       0x34 build/system_stm32f7xx.o
 .ARM.attributes
                0x000000000000032a       0x21 build/startup_stm32f746xx.o
 .ARM.attributes
                0x000000000000034b       0x34 /usr/lib/gcc/arm-none-eabi/10.3.1/../../../arm-none-eabi/lib/thumb/v7e-m+fp/hard/libc_nano.a(lib_a-init.o)
 .ARM.attributes
                0x000000000000037f       0x34 /usr/lib/gcc/arm-none-eabi/10.3.1/../../../arm-none-eabi/lib/thumb/v7e-m+fp/hard/libc_nano.a(lib_a-memset.o)
 .ARM.attributes
                0x00000000000003b3       0x1e /usr/lib/gcc/arm-none-eabi/10.3.1/thumb/v7e-m+fp/hard/libgcc.a(_aeabi_uldivmod.o)
 .ARM.attributes
                0x00000000000003d1       0x34 /usr/lib/gcc/arm-none-eabi/10.3.1/thumb/v7e-m+fp/hard/libgcc.a(_udivmoddi4.o)
 .ARM.attributes
                0x0000000000000405       0x1e /usr/lib/gcc/arm-none-eabi/10.3.1/thumb/v7e-m+fp/hard/libgcc.a(_dvmd_tls.o)
 .ARM.attributes
                0x0000000000000423       0x32 /usr/lib/gcc/arm-none-eabi/10.3.1/thumb/v7e-m+fp/hard/crtend.o
 .ARM.attributes
                0x0000000000000455       0x1e /usr/lib/gcc/arm-none-eabi/10.3.1/thumb/v7e-m+fp/hard/crtn.o
OUTPUT(build/Thermal_Printer.elf elf32-littlearm)
LOAD linker stubs
LOAD /usr/lib/gcc/arm-none-eabi/10.3.1/../../../arm-none-eabi/lib/thumb/v7e-m+fp/hard/libc.a
LOAD /usr/lib/gcc/arm-none-eabi/10.3.1/../../../arm-none-eabi/lib/thumb/v7e-m+fp/hard/libm.a
LOAD /usr/lib/gcc/arm-none-eabi/10.3.1/thumb/v7e-m+fp/hard/libgcc.a

.comment        0x0000000000000000       0x33
 .comment       0x0000000000000000       0x33 /usr/lib/gcc/arm-none-eabi/10.3.1/thumb/v7e-m+fp/hard/crtbegin.o
                                         0x34 (size before relaxing)
 .comment       0x0000000000000033       0x34 build/main.o
 .comment       0x0000000000000033       0x34 build/gpio.o
 .comment       0x0000000000000033       0x34 build/dma.o
 .comment       0x0000000000000033       0x34 build/usart.o
 .comment       0x0000000000000033       0x34 build/stm32f7xx_it.o
 .comment       0x0000000000000033       0x34 build/stm32f7xx_hal_msp.o
 .comment       0x0000000000000033       0x34 build/stm32f7xx_hal_cortex.o
 .comment       0x0000000000000033       0x34 build/stm32f7xx_hal_uart.o
 .comment       0x0000000000000033       0x34 build/stm32f7xx_hal_rcc.o
 .comment       0x0000000000000033       0x34 build/stm32f7xx_hal_rcc_ex.o
 .comment       0x0000000000000033       0x34 build/stm32f7xx_hal_gpio.o
 .comment       0x0000000000000033       0x34 build/stm32f7xx_hal_dma.o
 .comment       0x0000000000000033       0x34 build/stm32f7xx_hal.o
 .comment       0x0000000000000033       0x34 build/system_stm32f7xx.o
 .comment       0x0000000000000033       0x34 /usr/lib/gcc/arm-none-eabi/10.3.1/../../../arm-none-eabi/lib/thumb/v7e-m+fp/hard/libc_nano.a(lib_a-init.o)
 .comment       0x0000000000000033       0x34 /usr/lib/gcc/arm-none-eabi/10.3.1/../../../arm-none-eabi/lib/thumb/v7e-m+fp/hard/libc_nano.a(lib_a-memset.o)
 .comment       0x0000000000000033       0x34 /usr/lib/gcc/arm-none-eabi/10.3.1/thumb/v7e-m+fp/hard/libgcc.a(_udivmoddi4.o)
 .comment       0x0000000000000033       0x34 /usr/lib/gcc/arm-none-eabi/10.3.1/thumb/v7e-m+fp/hard/crtend.o

.debug_info     0x0000000000000000     0xe8aa
 .debug_info    0x0000000000000000     0x12cb build/main.o
 .debug_info    0x00000000000012cb      0x312 build/gpio.o
 .debug_info    0x00000000000015dd      0x5fc build/dma.o
 .debug_info    0x0000000000001bd9     0x133f build/usart.o
 .debug_info    0x0000000000002f18      0x8aa build/stm32f7xx_it.o
 .debug_info    0x00000000000037c2      0x312 build/stm32f7xx_hal_msp.o
 .debug_info    0x0000000000003ad4     0x13cc build/stm32f7xx_hal_cortex.o
 .debug_info    0x0000000000004ea0     0x5324 build/stm32f7xx_hal_uart.o
 .debug_info    0x000000000000a1c4      0xc78 build/stm32f7xx_hal_rcc.o
 .debug_info    0x000000000000ae3c      0x93e build/stm32f7xx_hal_rcc_ex.o
 .debug_info    0x000000000000b77a      0x857 build/stm32f7xx_hal_gpio.o
 .debug_info    0x000000000000bfd1      0xbb9 build/stm32f7xx_hal_dma.o
 .debug_info    0x000000000000cb8a      0xb60 build/stm32f7xx_hal.o
 .debug_info    0x000000000000d6ea      0x7ea build/system_stm32f7xx.o
 .debug_info    0x000000000000ded4       0x22 build/startup_stm32f746xx.o
 .debug_info    0x000000000000def6      0x11a /usr/lib/gcc/arm-none-eabi/10.3.1/../../../arm-none-eabi/lib/thumb/v7e-m+fp/hard/libc_nano.a(lib_a-init.o)
 .debug_info    0x000000000000e010      0x137 /usr/lib/gcc/arm-none-eabi/10.3.1/../../../arm-none-eabi/lib/thumb/v7e-m+fp/hard/libc_nano.a(lib_a-memset.o)
 .debug_info    0x000000000000e147       0x26 /usr/lib/gcc/arm-none-eabi/10.3.1/thumb/v7e-m+fp/hard/libgcc.a(_aeabi_uldivmod.o)
 .debug_info    0x000000000000e16d      0x717 /usr/lib/gcc/arm-none-eabi/10.3.1/thumb/v7e-m+fp/hard/libgcc.a(_udivmoddi4.o)
 .debug_info    0x000000000000e884       0x26 /usr/lib/gcc/arm-none-eabi/10.3.1/thumb/v7e-m+fp/hard/libgcc.a(_dvmd_tls.o)

.debug_abbrev   0x0000000000000000     0x2000
 .debug_abbrev  0x0000000000000000      0x338 build/main.o
 .debug_abbrev  0x0000000000000338       0xd3 build/gpio.o
 .debug_abbrev  0x000000000000040b      0x129 build/dma.o
 .debug_abbrev  0x0000000000000534      0x20c build/usart.o
 .debug_abbrev  0x0000000000000740      0x172 build/stm32f7xx_it.o
 .debug_abbrev  0x00000000000008b2       0xd3 build/stm32f7xx_hal_msp.o
 .debug_abbrev  0x0000000000000985      0x382 build/stm32f7xx_hal_cortex.o
 .debug_abbrev  0x0000000000000d07      0x31a build/stm32f7xx_hal_uart.o
 .debug_abbrev  0x0000000000001021      0x271 build/stm32f7xx_hal_rcc.o
 .debug_abbrev  0x0000000000001292      0x1f4 build/stm32f7xx_hal_rcc_ex.o
 .debug_abbrev  0x0000000000001486      0x22b build/stm32f7xx_hal_gpio.o
 .debug_abbrev  0x00000000000016b1      0x2ff build/stm32f7xx_hal_dma.o
 .debug_abbrev  0x00000000000019b0      0x209 build/stm32f7xx_hal.o
 .debug_abbrev  0x0000000000001bb9      0x12a build/system_stm32f7xx.o
 .debug_abbrev  0x0000000000001ce3       0x12 build/startup_stm32f746xx.o
 .debug_abbrev  0x0000000000001cf5       0xcc /usr/lib/gcc/arm-none-eabi/10.3.1/../../../arm-none-eabi/lib/thumb/v7e-m+fp/hard/libc_nano.a(lib_a-init.o)
 .debug_abbrev  0x0000000000001dc1       0xb4 /usr/lib/gcc/arm-none-eabi/10.3.1/../../../arm-none-eabi/lib/thumb/v7e-m+fp/hard/libc_nano.a(lib_a-memset.o)
 .debug_abbrev  0x0000000000001e75       0x14 /usr/lib/gcc/arm-none-eabi/10.3.1/thumb/v7e-m+fp/hard/libgcc.a(_aeabi_uldivmod.o)
 .debug_abbrev  0x0000000000001e89      0x163 /usr/lib/gcc/arm-none-eabi/10.3.1/thumb/v7e-m+fp/hard/libgcc.a(_udivmoddi4.o)
 .debug_abbrev  0x0000000000001fec       0x14 /usr/lib/gcc/arm-none-eabi/10.3.1/thumb/v7e-m+fp/hard/libgcc.a(_dvmd_tls.o)

.debug_loc      0x0000000000000000     0x960e
 .debug_loc     0x0000000000000000      0x240 build/main.o
 .debug_loc     0x0000000000000240       0x2c build/gpio.o
 .debug_loc     0x000000000000026c       0x38 build/dma.o
 .debug_loc     0x00000000000002a4      0x15e build/usart.o
 .debug_loc     0x0000000000000402       0x80 build/stm32f7xx_it.o
 .debug_loc     0x0000000000000482       0x2c build/stm32f7xx_hal_msp.o
 .debug_loc     0x00000000000004ae      0x794 build/stm32f7xx_hal_cortex.o
 .debug_loc     0x0000000000000c42     0x4f97 build/stm32f7xx_hal_uart.o
 .debug_loc     0x0000000000005bd9      0x7e0 build/stm32f7xx_hal_rcc.o
 .debug_loc     0x00000000000063b9      0x8d2 build/stm32f7xx_hal_rcc_ex.o
 .debug_loc     0x0000000000006c8b      0x5e8 build/stm32f7xx_hal_gpio.o
 .debug_loc     0x0000000000007273      0xd6d build/stm32f7xx_hal_dma.o
 .debug_loc     0x0000000000007fe0      0x1e1 build/stm32f7xx_hal.o
 .debug_loc     0x00000000000081c1      0x158 build/system_stm32f7xx.o
 .debug_loc     0x0000000000008319       0xba /usr/lib/gcc/arm-none-eabi/10.3.1/../../../arm-none-eabi/lib/thumb/v7e-m+fp/hard/libc_nano.a(lib_a-init.o)
 .debug_loc     0x00000000000083d3      0x22c /usr/lib/gcc/arm-none-eabi/10.3.1/../../../arm-none-eabi/lib/thumb/v7e-m+fp/hard/libc_nano.a(lib_a-memset.o)
 .debug_loc     0x00000000000085ff     0x100f /usr/lib/gcc/arm-none-eabi/10.3.1/thumb/v7e-m+fp/hard/libgcc.a(_udivmoddi4.o)

.debug_aranges  0x0000000000000000      0x7f0
 .debug_aranges
                0x0000000000000000       0x60 build/main.o
 .debug_aranges
                0x0000000000000060       0x20 build/gpio.o
 .debug_aranges
                0x0000000000000080       0x20 build/dma.o
 .debug_aranges
                0x00000000000000a0       0x38 build/usart.o
 .debug_aranges
                0x00000000000000d8       0x78 build/stm32f7xx_it.o
 .debug_aranges
                0x0000000000000150       0x20 build/stm32f7xx_hal_msp.o
 .debug_aranges
                0x0000000000000170       0xa8 build/stm32f7xx_hal_cortex.o
 .debug_aranges
                0x0000000000000218      0x228 build/stm32f7xx_hal_uart.o
 .debug_aranges
                0x0000000000000440       0x88 build/stm32f7xx_hal_rcc.o
 .debug_aranges
                0x00000000000004c8       0x50 build/stm32f7xx_hal_rcc_ex.o
 .debug_aranges
                0x0000000000000518       0x58 build/stm32f7xx_hal_gpio.o
 .debug_aranges
                0x0000000000000570       0x90 build/stm32f7xx_hal_dma.o
 .debug_aranges
                0x0000000000000600      0x100 build/stm32f7xx_hal.o
 .debug_aranges
                0x0000000000000700       0x28 build/system_stm32f7xx.o
 .debug_aranges
                0x0000000000000728       0x28 build/startup_stm32f746xx.o
 .debug_aranges
                0x0000000000000750       0x20 /usr/lib/gcc/arm-none-eabi/10.3.1/../../../arm-none-eabi/lib/thumb/v7e-m+fp/hard/libc_nano.a(lib_a-init.o)
 .debug_aranges
                0x0000000000000770       0x20 /usr/lib/gcc/arm-none-eabi/10.3.1/../../../arm-none-eabi/lib/thumb/v7e-m+fp/hard/libc_nano.a(lib_a-memset.o)
 .debug_aranges
                0x0000000000000790       0x20 /usr/lib/gcc/arm-none-eabi/10.3.1/thumb/v7e-m+fp/hard/libgcc.a(_aeabi_uldivmod.o)
 .debug_aranges
                0x00000000000007b0       0x20 /usr/lib/gcc/arm-none-eabi/10.3.1/thumb/v7e-m+fp/hard/libgcc.a(_udivmoddi4.o)
 .debug_aranges
                0x00000000000007d0       0x20 /usr/lib/gcc/arm-none-eabi/10.3.1/thumb/v7e-m+fp/hard/libgcc.a(_dvmd_tls.o)

.debug_ranges   0x0000000000000000      0x7e0
 .debug_ranges  0x0000000000000000       0x68 build/main.o
 .debug_ranges  0x0000000000000068       0x10 build/gpio.o
 .debug_ranges  0x0000000000000078       0x10 build/dma.o
 .debug_ranges  0x0000000000000088       0x28 build/usart.o
 .debug_ranges  0x00000000000000b0       0x68 build/stm32f7xx_it.o
 .debug_ranges  0x0000000000000118       0x10 build/stm32f7xx_hal_msp.o
 .debug_ranges  0x0000000000000128       0xf8 build/stm32f7xx_hal_cortex.o
 .debug_ranges  0x0000000000000220      0x230 build/stm32f7xx_hal_uart.o
 .debug_ranges  0x0000000000000450       0x78 build/stm32f7xx_hal_rcc.o
 .debug_ranges  0x00000000000004c8       0x40 build/stm32f7xx_hal_rcc_ex.o
 .debug_ranges  0x0000000000000508       0x48 build/stm32f7xx_hal_gpio.o
 .debug_ranges  0x0000000000000550       0x80 build/stm32f7xx_hal_dma.o
 .debug_ranges  0x00000000000005d0       0xf0 build/stm32f7xx_hal.o
 .debug_ranges  0x00000000000006c0       0x18 build/system_stm32f7xx.o
 .debug_ranges  0x00000000000006d8       0x20 build/startup_stm32f746xx.o
 .debug_ranges  0x00000000000006f8       0xe8 /usr/lib/gcc/arm-none-eabi/10.3.1/thumb/v7e-m+fp/hard/libgcc.a(_udivmoddi4.o)

.debug_line     0x0000000000000000     0x9fc0
 .debug_line    0x0000000000000000      0x4a6 build/main.o
 .debug_line    0x00000000000004a6       0xc4 build/gpio.o
 .debug_line    0x000000000000056a       0xfc build/dma.o
 .debug_line    0x0000000000000666      0x46f build/usart.o
 .debug_line    0x0000000000000ad5      0x279 build/stm32f7xx_it.o
 .debug_line    0x0000000000000d4e       0xd2 build/stm32f7xx_hal_msp.o
 .debug_line    0x0000000000000e20      0x6ee build/stm32f7xx_hal_cortex.o
 .debug_line    0x000000000000150e     0x4eea build/stm32f7xx_hal_uart.o
 .debug_line    0x00000000000063f8      0xc06 build/stm32f7xx_hal_rcc.o
 .debug_line    0x0000000000006ffe      0xb08 build/stm32f7xx_hal_rcc_ex.o
 .debug_line    0x0000000000007b06      0x66d build/stm32f7xx_hal_gpio.o
 .debug_line    0x0000000000008173      0xda9 build/stm32f7xx_hal_dma.o
 .debug_line    0x0000000000008f1c      0x504 build/stm32f7xx_hal.o
 .debug_line    0x0000000000009420      0x1c5 build/system_stm32f7xx.o
 .debug_line    0x00000000000095e5       0x76 build/startup_stm32f746xx.o
 .debug_line    0x000000000000965b      0x138 /usr/lib/gcc/arm-none-eabi/10.3.1/../../../arm-none-eabi/lib/thumb/v7e-m+fp/hard/libc_nano.a(lib_a-init.o)
 .debug_line    0x0000000000009793      0x1bf /usr/lib/gcc/arm-none-eabi/10.3.1/../../../arm-none-eabi/lib/thumb/v7e-m+fp/hard/libc_nano.a(lib_a-memset.o)
 .debug_line    0x0000000000009952       0x60 /usr/lib/gcc/arm-none-eabi/10.3.1/thumb/v7e-m+fp/hard/libgcc.a(_aeabi_uldivmod.o)
 .debug_line    0x00000000000099b2      0x5ae /usr/lib/gcc/arm-none-eabi/10.3.1/thumb/v7e-m+fp/hard/libgcc.a(_udivmoddi4.o)
 .debug_line    0x0000000000009f60       0x60 /usr/lib/gcc/arm-none-eabi/10.3.1/thumb/v7e-m+fp/hard/libgcc.a(_dvmd_tls.o)

.debug_str      0x0000000000000000     0x3497
 .debug_str     0x0000000000000000      0xa3e build/main.o
                                        0xacb (size before relaxing)
 .debug_str     0x0000000000000a3e       0x10 build/gpio.o
                                        0x2ad (size before relaxing)
 .debug_str     0x0000000000000a4e      0x5da build/dma.o
                                        0x876 (size before relaxing)
 .debug_str     0x0000000000001028      0x3a4 build/usart.o
                                       0x110f (size before relaxing)
 .debug_str     0x00000000000013cc      0x11d build/stm32f7xx_it.o
                                        0x736 (size before relaxing)
 .debug_str     0x00000000000014e9       0x29 build/stm32f7xx_hal_msp.o
                                        0x2b9 (size before relaxing)
 .debug_str     0x0000000000001512      0x58f build/stm32f7xx_hal_cortex.o
                                        0xd7c (size before relaxing)
 .debug_str     0x0000000000001aa1      0x790 build/stm32f7xx_hal_uart.o
                                        0xff5 (size before relaxing)
 .debug_str     0x0000000000002231      0x1ca build/stm32f7xx_hal_rcc.o
                                        0x6df (size before relaxing)
 .debug_str     0x00000000000023fb      0x14c build/stm32f7xx_hal_rcc_ex.o
                                        0x6cc (size before relaxing)
 .debug_str     0x0000000000002547      0x14e build/stm32f7xx_hal_gpio.o
                                        0x4c9 (size before relaxing)
 .debug_str     0x0000000000002695      0x2a1 build/stm32f7xx_hal_dma.o
                                        0x74d (size before relaxing)
 .debug_str     0x0000000000002936      0x2d8 build/stm32f7xx_hal.o
                                        0xc3b (size before relaxing)
 .debug_str     0x0000000000002c0e       0x47 build/system_stm32f7xx.o
                                        0x432 (size before relaxing)
 .debug_str     0x0000000000002c55       0x22 build/startup_stm32f746xx.o
                                         0x52 (size before relaxing)
 .debug_str     0x0000000000002c77      0x163 /usr/lib/gcc/arm-none-eabi/10.3.1/../../../arm-none-eabi/lib/thumb/v7e-m+fp/hard/libc_nano.a(lib_a-init.o)
                                        0x20b (size before relaxing)
 .debug_str     0x0000000000002dda       0xa3 /usr/lib/gcc/arm-none-eabi/10.3.1/../../../arm-none-eabi/lib/thumb/v7e-m+fp/hard/libc_nano.a(lib_a-memset.o)
                                        0x1c0 (size before relaxing)
 .debug_str     0x0000000000002e7d       0xa6 /usr/lib/gcc/arm-none-eabi/10.3.1/thumb/v7e-m+fp/hard/libgcc.a(_aeabi_uldivmod.o)
 .debug_str     0x0000000000002f23      0x544 /usr/lib/gcc/arm-none-eabi/10.3.1/thumb/v7e-m+fp/hard/libgcc.a(_udivmoddi4.o)
                                        0x647 (size before relaxing)
 .debug_str     0x0000000000003467       0x30 /usr/lib/gcc/arm-none-eabi/10.3.1/thumb/v7e-m+fp/hard/libgcc.a(_dvmd_tls.o)
                                         0xaa (size before relaxing)

.debug_frame    0x0000000000000000     0x1194
 .debug_frame   0x0000000000000000       0xdc build/main.o
 .debug_frame   0x00000000000000dc       0x28 build/gpio.o
 .debug_frame   0x0000000000000104       0x2c build/dma.o
 .debug_frame   0x0000000000000130       0x7c build/usart.o
 .debug_frame   0x00000000000001ac       0xf0 build/stm32f7xx_it.o
 .debug_frame   0x000000000000029c       0x28 build/stm32f7xx_hal_msp.o
 .debug_frame   0x00000000000002c4      0x148 build/stm32f7xx_hal_cortex.o
 .debug_frame   0x000000000000040c      0x5fc build/stm32f7xx_hal_uart.o
 .debug_frame   0x0000000000000a08      0x178 build/stm32f7xx_hal_rcc.o
 .debug_frame   0x0000000000000b80       0xc0 build/stm32f7xx_hal_rcc_ex.o
 .debug_frame   0x0000000000000c40       0xd8 build/stm32f7xx_hal_gpio.o
 .debug_frame   0x0000000000000d18      0x188 build/stm32f7xx_hal_dma.o
 .debug_frame   0x0000000000000ea0      0x20c build/stm32f7xx_hal.o
 .debug_frame   0x00000000000010ac       0x30 build/system_stm32f7xx.o
 .debug_frame   0x00000000000010dc       0x2c /usr/lib/gcc/arm-none-eabi/10.3.1/../../../arm-none-eabi/lib/thumb/v7e-m+fp/hard/libc_nano.a(lib_a-init.o)
 .debug_frame   0x0000000000001108       0x2c /usr/lib/gcc/arm-none-eabi/10.3.1/../../../arm-none-eabi/lib/thumb/v7e-m+fp/hard/libc_nano.a(lib_a-memset.o)
 .debug_frame   0x0000000000001134       0x2c /usr/lib/gcc/arm-none-eabi/10.3.1/thumb/v7e-m+fp/hard/libgcc.a(_aeabi_uldivmod.o)
 .debug_frame   0x0000000000001160       0x34 /usr/lib/gcc/arm-none-eabi/10.3.1/thumb/v7e-m+fp/hard/libgcc.a(_udivmoddi4.o)

Cross Reference Table

Symbol                                            File
ADC_IRQHandler                                    build/startup_stm32f746xx.o
AHBPrescTable                                     build/system_stm32f7xx.o
                                                  build/stm32f7xx_hal_rcc.o
APBPrescTable                                     build/system_stm32f7xx.o
                                                  build/stm32f7xx_hal_rcc.o
BusFault_Handler                                  build/stm32f7xx_it.o
CAN1_RX0_IRQHandler                               build/startup_stm32f746xx.o
CAN1_RX1_IRQHandler                               build/startup_stm32f746xx.o
CAN1_SCE_IRQHandler                               build/startup_stm32f746xx.o
CAN1_TX_IRQHandler                                build/startup_stm32f746xx.o
CAN2_RX0_IRQHandler                               build/startup_stm32f746xx.o
CAN2_RX1_IRQHandler                               build/startup_stm32f746xx.o
CAN2_SCE_IRQHandler                               build/startup_stm32f746xx.o
CAN2_TX_IRQHandler                                build/startup_stm32f746xx.o
CEC_IRQHandler                                    build/startup_stm32f746xx.o
DCMI_IRQHandler                                   build/startup_stm32f746xx.o
DMA1_Stream0_IRQHandler                           build/startup_stm32f746xx.o
DMA1_Stream1_IRQHandler                           build/stm32f7xx_it.o
DMA1_Stream2_IRQHandler                           build/startup_stm32f746xx.o
DMA1_Stream3_IRQHandler                           build/stm32f7xx_it.o
DMA1_Stream4_IRQHandler                           build/startup_stm32f746xx.o
DMA1_Stream5_IRQHandler                           build/startup_stm32f746xx.o
DMA1_Stream6_IRQHandler                           build/startup_stm32f746xx.o
DMA1_Stream7_IRQHandler                           build/startup_stm32f746xx.o
DMA2D_IRQHandler                                  build/startup_stm32f746xx.o
DMA2_Stream0_IRQHandler                           build/startup_stm32f746xx.o
DMA2_Stream1_IRQHandler                           build/startup_stm32f746xx.o
DMA2_Stream2_IRQHandler                           build/startup_stm32f746xx.o
DMA2_Stream3_IRQHandler                           build/startup_stm32f746xx.o
DMA2_Stream4_IRQHandler                           build/startup_stm32f746xx.o
DMA2_Stream5_IRQHandler                           build/startup_stm32f746xx.o
DMA2_Stream6_IRQHandler                           build/startup_stm32f746xx.o
DMA2_Stream7_IRQHandler                           build/startup_stm32f746xx.o
DebugMon_Handler                                  build/stm32f7xx_it.o
Default_Handler                                   build/startup_stm32f746xx.o
ETH_IRQHandler                                    build/startup_stm32f746xx.o
ETH_WKUP_IRQHandler                               build/startup_stm32f746xx.o
EXTI0_IRQHandler                                  build/startup_stm32f746xx.o
EXTI15_10_IRQHandler                              build/startup_stm32f746xx.o
EXTI1_IRQHandler                                  build/startup_stm32f746xx.o
EXTI2_IRQHandler                                  build/startup_stm32f746xx.o
EXTI3_IRQHandler                                  build/startup_stm32f746xx.o
EXTI4_IRQHandler                                  build/startup_stm32f746xx.o
EXTI9_5_IRQHandler                                build/startup_stm32f746xx.o
Error_Handler                                     build/main.o
                                                  build/usart.o
FLASH_Erase_Sector                                build/stm32f7xx_hal_flash_ex.o
                                                  build/stm32f7xx_hal_flash.o
FLASH_IRQHandler                                  build/startup_stm32f746xx.o
FLASH_WaitForLastOperation                        build/stm32f7xx_hal_flash.o
                                                  build/stm32f7xx_hal_flash_ex.o
FMC_IRQHandler                                    build/startup_stm32f746xx.o
FPU_IRQHandler                                    build/startup_stm32f746xx.o
HAL_DBGMCU_DisableDBGSleepMode                    build/stm32f7xx_hal.o
HAL_DBGMCU_DisableDBGStandbyMode                  build/stm32f7xx_hal.o
HAL_DBGMCU_DisableDBGStopMode                     build/stm32f7xx_hal.o
HAL_DBGMCU_EnableDBGSleepMode                     build/stm32f7xx_hal.o
HAL_DBGMCU_EnableDBGStandbyMode                   build/stm32f7xx_hal.o
HAL_DBGMCU_EnableDBGStopMode                      build/stm32f7xx_hal.o
HAL_DMAEx_ChangeMemory                            build/stm32f7xx_hal_dma_ex.o
HAL_DMAEx_MultiBufferStart                        build/stm32f7xx_hal_dma_ex.o
HAL_DMAEx_MultiBufferStart_IT                     build/stm32f7xx_hal_dma_ex.o
HAL_DMA_Abort                                     build/stm32f7xx_hal_dma.o
                                                  build/stm32f7xx_hal_uart.o
HAL_DMA_Abort_IT                                  build/stm32f7xx_hal_dma.o
                                                  build/stm32f7xx_hal_i2c.o
                                                  build/stm32f7xx_hal_uart.o
HAL_DMA_DeInit                                    build/stm32f7xx_hal_dma.o
                                                  build/usart.o
HAL_DMA_GetError                                  build/stm32f7xx_hal_dma.o
                                                  build/stm32f7xx_hal_i2c.o
                                                  build/stm32f7xx_hal_uart.o
HAL_DMA_GetState                                  build/stm32f7xx_hal_dma.o
                                                  build/stm32f7xx_hal_i2c.o
HAL_DMA_IRQHandler                                build/stm32f7xx_hal_dma.o
                                                  build/stm32f7xx_it.o
HAL_DMA_Init                                      build/stm32f7xx_hal_dma.o
                                                  build/usart.o
HAL_DMA_PollForTransfer                           build/stm32f7xx_hal_dma.o
HAL_DMA_RegisterCallback                          build/stm32f7xx_hal_dma.o
HAL_DMA_Start                                     build/stm32f7xx_hal_dma.o
HAL_DMA_Start_IT                                  build/stm32f7xx_hal_dma.o
                                                  build/stm32f7xx_hal_i2c.o
                                                  build/stm32f7xx_hal_uart.o
HAL_DMA_UnRegisterCallback                        build/stm32f7xx_hal_dma.o
HAL_DeInit                                        build/stm32f7xx_hal.o
HAL_Delay                                         build/stm32f7xx_hal.o
HAL_DisableCompensationCell                       build/stm32f7xx_hal.o
HAL_DisableFMCMemorySwapping                      build/stm32f7xx_hal.o
HAL_EXTI_ClearConfigLine                          build/stm32f7xx_hal_exti.o
HAL_EXTI_ClearPending                             build/stm32f7xx_hal_exti.o
HAL_EXTI_GenerateSWI                              build/stm32f7xx_hal_exti.o
HAL_EXTI_GetConfigLine                            build/stm32f7xx_hal_exti.o
HAL_EXTI_GetHandle                                build/stm32f7xx_hal_exti.o
HAL_EXTI_GetPending                               build/stm32f7xx_hal_exti.o
HAL_EXTI_IRQHandler                               build/stm32f7xx_hal_exti.o
HAL_EXTI_RegisterCallback                         build/stm32f7xx_hal_exti.o
HAL_EXTI_SetConfigLine                            build/stm32f7xx_hal_exti.o
HAL_EnableCompensationCell                        build/stm32f7xx_hal.o
HAL_EnableFMCMemorySwapping                       build/stm32f7xx_hal.o
HAL_FLASHEx_Erase                                 build/stm32f7xx_hal_flash_ex.o
HAL_FLASHEx_Erase_IT                              build/stm32f7xx_hal_flash_ex.o
HAL_FLASHEx_OBGetConfig                           build/stm32f7xx_hal_flash_ex.o
HAL_FLASHEx_OBProgram                             build/stm32f7xx_hal_flash_ex.o
HAL_FLASH_EndOfOperationCallback                  build/stm32f7xx_hal_flash.o
HAL_FLASH_GetError                                build/stm32f7xx_hal_flash.o
HAL_FLASH_IRQHandler                              build/stm32f7xx_hal_flash.o
HAL_FLASH_Lock                                    build/stm32f7xx_hal_flash.o
HAL_FLASH_OB_Launch                               build/stm32f7xx_hal_flash.o
HAL_FLASH_OB_Lock                                 build/stm32f7xx_hal_flash.o
HAL_FLASH_OB_Unlock                               build/stm32f7xx_hal_flash.o
HAL_FLASH_OperationErrorCallback                  build/stm32f7xx_hal_flash.o
HAL_FLASH_Program                                 build/stm32f7xx_hal_flash.o
HAL_FLASH_Program_IT                              build/stm32f7xx_hal_flash.o
HAL_FLASH_Unlock                                  build/stm32f7xx_hal_flash.o
HAL_GPIO_DeInit                                   build/stm32f7xx_hal_gpio.o
                                                  build/usart.o
HAL_GPIO_EXTI_Callback                            build/stm32f7xx_hal_gpio.o
HAL_GPIO_EXTI_IRQHandler                          build/stm32f7xx_hal_gpio.o
HAL_GPIO_Init                                     build/stm32f7xx_hal_gpio.o
                                                  build/stm32f7xx_hal_rcc.o
                                                  build/usart.o
HAL_GPIO_LockPin                                  build/stm32f7xx_hal_gpio.o
HAL_GPIO_ReadPin                                  build/stm32f7xx_hal_gpio.o
HAL_GPIO_TogglePin                                build/stm32f7xx_hal_gpio.o
HAL_GPIO_WritePin                                 build/stm32f7xx_hal_gpio.o
HAL_GetDEVID                                      build/stm32f7xx_hal.o
HAL_GetHalVersion                                 build/stm32f7xx_hal.o
HAL_GetREVID                                      build/stm32f7xx_hal.o
HAL_GetTick                                       build/stm32f7xx_hal.o
                                                  build/stm32f7xx_hal_i2c.o
                                                  build/stm32f7xx_hal_pwr_ex.o
                                                  build/stm32f7xx_hal_dma.o
                                                  build/stm32f7xx_hal_flash.o
                                                  build/stm32f7xx_hal_rcc_ex.o
                                                  build/stm32f7xx_hal_rcc.o
                                                  build/stm32f7xx_hal_uart_ex.o
                                                  build/stm32f7xx_hal_uart.o
HAL_GetTickFreq                                   build/stm32f7xx_hal.o
HAL_GetTickPrio                                   build/stm32f7xx_hal.o
HAL_GetUIDw0                                      build/stm32f7xx_hal.o
HAL_GetUIDw1                                      build/stm32f7xx_hal.o
HAL_GetUIDw2                                      build/stm32f7xx_hal.o
HAL_HalfDuplex_EnableReceiver                     build/stm32f7xx_hal_uart.o
HAL_HalfDuplex_EnableTransmitter                  build/stm32f7xx_hal_uart.o
HAL_HalfDuplex_Init                               build/stm32f7xx_hal_uart.o
HAL_I2CEx_ConfigAnalogFilter                      build/stm32f7xx_hal_i2c_ex.o
HAL_I2CEx_ConfigDigitalFilter                     build/stm32f7xx_hal_i2c_ex.o
HAL_I2CEx_DisableFastModePlus                     build/stm32f7xx_hal_i2c_ex.o
HAL_I2CEx_EnableFastModePlus                      build/stm32f7xx_hal_i2c_ex.o
HAL_I2C_AbortCpltCallback                         build/stm32f7xx_hal_i2c.o
HAL_I2C_AddrCallback                              build/stm32f7xx_hal_i2c.o
HAL_I2C_DeInit                                    build/stm32f7xx_hal_i2c.o
HAL_I2C_DisableListen_IT                          build/stm32f7xx_hal_i2c.o
HAL_I2C_ER_IRQHandler                             build/stm32f7xx_hal_i2c.o
HAL_I2C_EV_IRQHandler                             build/stm32f7xx_hal_i2c.o
HAL_I2C_EnableListen_IT                           build/stm32f7xx_hal_i2c.o
HAL_I2C_ErrorCallback                             build/stm32f7xx_hal_i2c.o
HAL_I2C_GetError                                  build/stm32f7xx_hal_i2c.o
HAL_I2C_GetMode                                   build/stm32f7xx_hal_i2c.o
HAL_I2C_GetState                                  build/stm32f7xx_hal_i2c.o
HAL_I2C_Init                                      build/stm32f7xx_hal_i2c.o
HAL_I2C_IsDeviceReady                             build/stm32f7xx_hal_i2c.o
HAL_I2C_ListenCpltCallback                        build/stm32f7xx_hal_i2c.o
HAL_I2C_MasterRxCpltCallback                      build/stm32f7xx_hal_i2c.o
HAL_I2C_MasterTxCpltCallback                      build/stm32f7xx_hal_i2c.o
HAL_I2C_Master_Abort_IT                           build/stm32f7xx_hal_i2c.o
HAL_I2C_Master_Receive                            build/stm32f7xx_hal_i2c.o
HAL_I2C_Master_Receive_DMA                        build/stm32f7xx_hal_i2c.o
HAL_I2C_Master_Receive_IT                         build/stm32f7xx_hal_i2c.o
HAL_I2C_Master_Seq_Receive_DMA                    build/stm32f7xx_hal_i2c.o
HAL_I2C_Master_Seq_Receive_IT                     build/stm32f7xx_hal_i2c.o
HAL_I2C_Master_Seq_Transmit_DMA                   build/stm32f7xx_hal_i2c.o
HAL_I2C_Master_Seq_Transmit_IT                    build/stm32f7xx_hal_i2c.o
HAL_I2C_Master_Transmit                           build/stm32f7xx_hal_i2c.o
HAL_I2C_Master_Transmit_DMA                       build/stm32f7xx_hal_i2c.o
HAL_I2C_Master_Transmit_IT                        build/stm32f7xx_hal_i2c.o
HAL_I2C_MemRxCpltCallback                         build/stm32f7xx_hal_i2c.o
HAL_I2C_MemTxCpltCallback                         build/stm32f7xx_hal_i2c.o
HAL_I2C_Mem_Read                                  build/stm32f7xx_hal_i2c.o
HAL_I2C_Mem_Read_DMA                              build/stm32f7xx_hal_i2c.o
HAL_I2C_Mem_Read_IT                               build/stm32f7xx_hal_i2c.o
HAL_I2C_Mem_Write                                 build/stm32f7xx_hal_i2c.o
HAL_I2C_Mem_Write_DMA                             build/stm32f7xx_hal_i2c.o
HAL_I2C_Mem_Write_IT                              build/stm32f7xx_hal_i2c.o
HAL_I2C_MspDeInit                                 build/stm32f7xx_hal_i2c.o
HAL_I2C_MspInit                                   build/stm32f7xx_hal_i2c.o
HAL_I2C_SlaveRxCpltCallback                       build/stm32f7xx_hal_i2c.o
HAL_I2C_SlaveTxCpltCallback                       build/stm32f7xx_hal_i2c.o
HAL_I2C_Slave_Receive                             build/stm32f7xx_hal_i2c.o
HAL_I2C_Slave_Receive_DMA                         build/stm32f7xx_hal_i2c.o
HAL_I2C_Slave_Receive_IT                          build/stm32f7xx_hal_i2c.o
HAL_I2C_Slave_Seq_Receive_DMA                     build/stm32f7xx_hal_i2c.o
HAL_I2C_Slave_Seq_Receive_IT                      build/stm32f7xx_hal_i2c.o
HAL_I2C_Slave_Seq_Transmit_DMA                    build/stm32f7xx_hal_i2c.o
HAL_I2C_Slave_Seq_Transmit_IT                     build/stm32f7xx_hal_i2c.o
HAL_I2C_Slave_Transmit                            build/stm32f7xx_hal_i2c.o
HAL_I2C_Slave_Transmit_DMA                        build/stm32f7xx_hal_i2c.o
HAL_I2C_Slave_Transmit_IT                         build/stm32f7xx_hal_i2c.o
HAL_IncTick                                       build/stm32f7xx_hal.o
                                                  build/stm32f7xx_it.o
HAL_Init                                          build/stm32f7xx_hal.o
                                                  build/main.o
HAL_InitTick                                      build/stm32f7xx_hal.o
                                                  build/stm32f7xx_hal_rcc.o
HAL_LIN_Init                                      build/stm32f7xx_hal_uart.o
HAL_LIN_SendBreak                                 build/stm32f7xx_hal_uart.o
HAL_MPU_ConfigRegion                              build/stm32f7xx_hal_cortex.o
HAL_MPU_Disable                                   build/stm32f7xx_hal_cortex.o
HAL_MPU_Enable                                    build/stm32f7xx_hal_cortex.o
HAL_MspDeInit                                     build/stm32f7xx_hal.o
HAL_MspInit                                       build/stm32f7xx_hal_msp.o
HAL_MultiProcessorEx_AddressLength_Set            build/stm32f7xx_hal_uart_ex.o
HAL_MultiProcessor_DisableMuteMode                build/stm32f7xx_hal_uart.o
HAL_MultiProcessor_EnableMuteMode                 build/stm32f7xx_hal_uart.o
HAL_MultiProcessor_EnterMuteMode                  build/stm32f7xx_hal_uart.o
HAL_MultiProcessor_Init                           build/stm32f7xx_hal_uart.o
HAL_NVIC_ClearPendingIRQ                          build/stm32f7xx_hal_cortex.o
HAL_NVIC_DisableIRQ                               build/stm32f7xx_hal_cortex.o
                                                  build/usart.o
HAL_NVIC_EnableIRQ                                build/stm32f7xx_hal_cortex.o
                                                  build/usart.o
                                                  build/dma.o
HAL_NVIC_GetActive                                build/stm32f7xx_hal_cortex.o
HAL_NVIC_GetPendingIRQ                            build/stm32f7xx_hal_cortex.o
HAL_NVIC_GetPriority                              build/stm32f7xx_hal_cortex.o
HAL_NVIC_GetPriorityGrouping                      build/stm32f7xx_hal_cortex.o
HAL_NVIC_SetPendingIRQ                            build/stm32f7xx_hal_cortex.o
HAL_NVIC_SetPriority                              build/stm32f7xx_hal_cortex.o
                                                  build/stm32f7xx_hal.o
                                                  build/usart.o
                                                  build/dma.o
HAL_NVIC_SetPriorityGrouping                      build/stm32f7xx_hal_cortex.o
                                                  build/stm32f7xx_hal.o
HAL_NVIC_SystemReset                              build/stm32f7xx_hal_cortex.o
HAL_PWREx_ControlVoltageScaling                   build/stm32f7xx_hal_pwr_ex.o
HAL_PWREx_DisableBkUpReg                          build/stm32f7xx_hal_pwr_ex.o
HAL_PWREx_DisableFlashPowerDown                   build/stm32f7xx_hal_pwr_ex.o
HAL_PWREx_DisableLowRegulatorLowVoltage           build/stm32f7xx_hal_pwr_ex.o
HAL_PWREx_DisableMainRegulatorLowVoltage          build/stm32f7xx_hal_pwr_ex.o
HAL_PWREx_DisableOverDrive                        build/stm32f7xx_hal_pwr_ex.o
HAL_PWREx_EnableBkUpReg                           build/stm32f7xx_hal_pwr_ex.o
HAL_PWREx_EnableFlashPowerDown                    build/stm32f7xx_hal_pwr_ex.o
HAL_PWREx_EnableLowRegulatorLowVoltage            build/stm32f7xx_hal_pwr_ex.o
HAL_PWREx_EnableMainRegulatorLowVoltage           build/stm32f7xx_hal_pwr_ex.o
HAL_PWREx_EnableOverDrive                         build/stm32f7xx_hal_pwr_ex.o
HAL_PWREx_EnterUnderDriveSTOPMode                 build/stm32f7xx_hal_pwr_ex.o
HAL_PWREx_GetVoltageRange                         build/stm32f7xx_hal_pwr_ex.o
HAL_PWR_ConfigPVD                                 build/stm32f7xx_hal_pwr.o
HAL_PWR_DeInit                                    build/stm32f7xx_hal_pwr.o
HAL_PWR_DisableBkUpAccess                         build/stm32f7xx_hal_pwr.o
HAL_PWR_DisablePVD                                build/stm32f7xx_hal_pwr.o
HAL_PWR_DisableSEVOnPend                          build/stm32f7xx_hal_pwr.o
HAL_PWR_DisableSleepOnExit                        build/stm32f7xx_hal_pwr.o
HAL_PWR_DisableWakeUpPin                          build/stm32f7xx_hal_pwr.o
HAL_PWR_EnableBkUpAccess                          build/stm32f7xx_hal_pwr.o
HAL_PWR_EnablePVD                                 build/stm32f7xx_hal_pwr.o
HAL_PWR_EnableSEVOnPend                           build/stm32f7xx_hal_pwr.o
HAL_PWR_EnableSleepOnExit                         build/stm32f7xx_hal_pwr.o
HAL_PWR_EnableWakeUpPin                           build/stm32f7xx_hal_pwr.o
HAL_PWR_EnterSLEEPMode                            build/stm32f7xx_hal_pwr.o
HAL_PWR_EnterSTANDBYMode                          build/stm32f7xx_hal_pwr.o
HAL_PWR_EnterSTOPMode                             build/stm32f7xx_hal_pwr.o
HAL_PWR_PVDCallback                               build/stm32f7xx_hal_pwr.o
HAL_PWR_PVD_IRQHandler                            build/stm32f7xx_hal_pwr.o
HAL_RCCEx_DisablePLLI2S                           build/stm32f7xx_hal_rcc_ex.o
HAL_RCCEx_DisablePLLSAI                           build/stm32f7xx_hal_rcc_ex.o
HAL_RCCEx_EnablePLLI2S                            build/stm32f7xx_hal_rcc_ex.o
HAL_RCCEx_EnablePLLSAI                            build/stm32f7xx_hal_rcc_ex.o
HAL_RCCEx_GetPeriphCLKConfig                      build/stm32f7xx_hal_rcc_ex.o
HAL_RCCEx_GetPeriphCLKFreq                        build/stm32f7xx_hal_rcc_ex.o
HAL_RCCEx_PeriphCLKConfig                         build/stm32f7xx_hal_rcc_ex.o
                                                  build/usart.o
HAL_RCC_CSSCallback                               build/stm32f7xx_hal_rcc.o
HAL_RCC_ClockConfig                               build/stm32f7xx_hal_rcc.o
                                                  build/main.o
HAL_RCC_DeInit                                    build/stm32f7xx_hal_rcc.o
HAL_RCC_DisableCSS                                build/stm32f7xx_hal_rcc.o
HAL_RCC_EnableCSS                                 build/stm32f7xx_hal_rcc.o
HAL_RCC_GetClockConfig                            build/stm32f7xx_hal_rcc.o
HAL_RCC_GetHCLKFreq                               build/stm32f7xx_hal_rcc.o
HAL_RCC_GetOscConfig                              build/stm32f7xx_hal_rcc.o
HAL_RCC_GetPCLK1Freq                              build/stm32f7xx_hal_rcc.o
                                                  build/stm32f7xx_hal_uart.o
HAL_RCC_GetPCLK2Freq                              build/stm32f7xx_hal_rcc.o
                                                  build/stm32f7xx_hal_uart.o
HAL_RCC_GetSysClockFreq                           build/stm32f7xx_hal_rcc.o
                                                  build/stm32f7xx_hal_uart.o
HAL_RCC_MCOConfig                                 build/stm32f7xx_hal_rcc.o
HAL_RCC_NMI_IRQHandler                            build/stm32f7xx_hal_rcc.o
HAL_RCC_OscConfig                                 build/stm32f7xx_hal_rcc.o
                                                  build/main.o
HAL_RS485Ex_Init                                  build/stm32f7xx_hal_uart_ex.o
HAL_ResumeTick                                    build/stm32f7xx_hal.o
HAL_SYSTICK_CLKSourceConfig                       build/stm32f7xx_hal_cortex.o
HAL_SYSTICK_Callback                              build/stm32f7xx_hal_cortex.o
HAL_SYSTICK_Config                                build/stm32f7xx_hal_cortex.o
                                                  build/stm32f7xx_hal.o
HAL_SYSTICK_IRQHandler                            build/stm32f7xx_hal_cortex.o
HAL_SetTickFreq                                   build/stm32f7xx_hal.o
HAL_SuspendTick                                   build/stm32f7xx_hal.o
HAL_UARTEx_GetRxEventType                         build/stm32f7xx_hal_uart_ex.o
HAL_UARTEx_ReceiveToIdle                          build/stm32f7xx_hal_uart_ex.o
HAL_UARTEx_ReceiveToIdle_DMA                      build/stm32f7xx_hal_uart_ex.o
HAL_UARTEx_ReceiveToIdle_IT                       build/stm32f7xx_hal_uart_ex.o
HAL_UARTEx_RxEventCallback                        build/stm32f7xx_hal_uart.o
HAL_UART_Abort                                    build/stm32f7xx_hal_uart.o
HAL_UART_AbortCpltCallback                        build/stm32f7xx_hal_uart.o
HAL_UART_AbortReceive                             build/stm32f7xx_hal_uart.o
                                                  build/main.o
HAL_UART_AbortReceiveCpltCallback                 build/stm32f7xx_hal_uart.o
HAL_UART_AbortReceive_IT                          build/stm32f7xx_hal_uart.o
HAL_UART_AbortTransmit                            build/stm32f7xx_hal_uart.o
HAL_UART_AbortTransmitCpltCallback                build/stm32f7xx_hal_uart.o
HAL_UART_AbortTransmit_IT                         build/stm32f7xx_hal_uart.o
HAL_UART_Abort_IT                                 build/stm32f7xx_hal_uart.o
                                                  build/main.o
HAL_UART_DMAPause                                 build/stm32f7xx_hal_uart.o
HAL_UART_DMAResume                                build/stm32f7xx_hal_uart.o
HAL_UART_DMAStop                                  build/stm32f7xx_hal_uart.o
HAL_UART_DeInit                                   build/stm32f7xx_hal_uart.o
HAL_UART_DisableReceiverTimeout                   build/stm32f7xx_hal_uart.o
HAL_UART_EnableReceiverTimeout                    build/stm32f7xx_hal_uart.o
HAL_UART_ErrorCallback                            build/main.o
HAL_UART_GetError                                 build/stm32f7xx_hal_uart.o
                                                  build/main.o
HAL_UART_GetState                                 build/stm32f7xx_hal_uart.o
HAL_UART_IDLE_Callback                            build/main.o
                                                  build/stm32f7xx_hal_uart.o
HAL_UART_IRQHandler                               build/stm32f7xx_hal_uart.o
                                                  build/stm32f7xx_it.o
HAL_UART_Init                                     build/stm32f7xx_hal_uart.o
                                                  build/usart.o
HAL_UART_MspDeInit                                build/usart.o
HAL_UART_MspInit                                  build/usart.o
                                                  build/stm32f7xx_hal_uart_ex.o
HAL_UART_Receive                                  build/stm32f7xx_hal_uart.o
HAL_UART_Receive_DMA                              build/stm32f7xx_hal_uart.o
HAL_UART_Receive_IT                               build/stm32f7xx_hal_uart.o
                                                  build/main.o
HAL_UART_ReceiverTimeout_Config                   build/stm32f7xx_hal_uart.o
HAL_UART_RxCpltCallback                           build/stm32f7xx_hal_uart.o
HAL_UART_RxHalfCpltCallback                       build/stm32f7xx_hal_uart.o
HAL_UART_Transmit                                 build/stm32f7xx_hal_uart.o
                                                  build/main.o
HAL_UART_Transmit_DMA                             build/stm32f7xx_hal_uart.o
                                                  build/main.o
HAL_UART_Transmit_IT                              build/stm32f7xx_hal_uart.o
HAL_UART_TxCpltCallback                           build/stm32f7xx_hal_uart.o
HAL_UART_TxHalfCpltCallback                       build/stm32f7xx_hal_uart.o
HardFault_Handler                                 build/stm32f7xx_it.o
I2C1_ER_IRQHandler                                build/startup_stm32f746xx.o
I2C1_EV_IRQHandler                                build/startup_stm32f746xx.o
I2C2_ER_IRQHandler                                build/startup_stm32f746xx.o
I2C2_EV_IRQHandler                                build/startup_stm32f746xx.o
I2C3_ER_IRQHandler                                build/startup_stm32f746xx.o
I2C3_EV_IRQHandler                                build/startup_stm32f746xx.o
I2C4_ER_IRQHandler                                build/startup_stm32f746xx.o
I2C4_EV_IRQHandler                                build/startup_stm32f746xx.o
LPTIM1_IRQHandler                                 build/startup_stm32f746xx.o
LTDC_ER_IRQHandler                                build/startup_stm32f746xx.o
LTDC_IRQHandler                                   build/startup_stm32f746xx.o
MX_DMA_Init                                       build/dma.o
                                                  build/main.o
MX_GPIO_Init                                      build/gpio.o
                                                  build/main.o
MX_UART7_Init                                     build/usart.o
                                                  build/main.o
MX_USART6_UART_Init                               build/usart.o
                                                  build/main.o
M_CLEAN_BUF                                       build/main.o
MemManage_Handler                                 build/stm32f7xx_it.o
NMI_Handler                                       build/stm32f7xx_it.o
OTG_FS_IRQHandler                                 build/startup_stm32f746xx.o
OTG_FS_WKUP_IRQHandler                            build/startup_stm32f746xx.o
OTG_HS_EP1_IN_IRQHandler                          build/startup_stm32f746xx.o
OTG_HS_EP1_OUT_IRQHandler                         build/startup_stm32f746xx.o
OTG_HS_IRQHandler                                 build/startup_stm32f746xx.o
OTG_HS_WKUP_IRQHandler                            build/startup_stm32f746xx.o
PVD_IRQHandler                                    build/startup_stm32f746xx.o
PendSV_Handler                                    build/stm32f7xx_it.o
QUADSPI_IRQHandler                                build/startup_stm32f746xx.o
RCC_IRQHandler                                    build/startup_stm32f746xx.o
RNG_IRQHandler                                    build/startup_stm32f746xx.o
RTC_Alarm_IRQHandler                              build/startup_stm32f746xx.o
RTC_WKUP_IRQHandler                               build/startup_stm32f746xx.o
Reset_Handler                                     build/startup_stm32f746xx.o
SAI1_IRQHandler                                   build/startup_stm32f746xx.o
SAI2_IRQHandler                                   build/startup_stm32f746xx.o
SDMMC1_IRQHandler                                 build/startup_stm32f746xx.o
SPDIF_RX_IRQHandler                               build/startup_stm32f746xx.o
SPI1_IRQHandler                                   build/startup_stm32f746xx.o
SPI2_IRQHandler                                   build/startup_stm32f746xx.o
SPI3_IRQHandler                                   build/startup_stm32f746xx.o
SPI4_IRQHandler                                   build/startup_stm32f746xx.o
SPI5_IRQHandler                                   build/startup_stm32f746xx.o
SPI6_IRQHandler                                   build/startup_stm32f746xx.o
SVC_Handler                                       build/stm32f7xx_it.o
SysTick_Handler                                   build/stm32f7xx_it.o
SystemClock_Config                                build/main.o
SystemCoreClock                                   build/system_stm32f7xx.o
                                                  build/stm32f7xx_hal.o
                                                  build/stm32f7xx_hal_dma.o
                                                  build/stm32f7xx_hal_rcc.o
SystemCoreClockUpdate                             build/system_stm32f7xx.o
SystemInit                                        build/system_stm32f7xx.o
                                                  build/startup_stm32f746xx.o
TAMP_STAMP_IRQHandler                             build/startup_stm32f746xx.o
TIM1_BRK_TIM9_IRQHandler                          build/startup_stm32f746xx.o
TIM1_CC_IRQHandler                                build/startup_stm32f746xx.o
TIM1_TRG_COM_TIM11_IRQHandler                     build/startup_stm32f746xx.o
TIM1_UP_TIM10_IRQHandler                          build/startup_stm32f746xx.o
TIM2_IRQHandler                                   build/startup_stm32f746xx.o
TIM3_IRQHandler                                   build/startup_stm32f746xx.o
TIM4_IRQHandler                                   build/startup_stm32f746xx.o
TIM5_IRQHandler                                   build/startup_stm32f746xx.o
TIM6_DAC_IRQHandler                               build/startup_stm32f746xx.o
TIM7_IRQHandler                                   build/startup_stm32f746xx.o
TIM8_BRK_TIM12_IRQHandler                         build/startup_stm32f746xx.o
TIM8_CC_IRQHandler                                build/startup_stm32f746xx.o
TIM8_TRG_COM_TIM14_IRQHandler                     build/startup_stm32f746xx.o
TIM8_UP_TIM13_IRQHandler                          build/startup_stm32f746xx.o
UART4_IRQHandler                                  build/startup_stm32f746xx.o
UART5_IRQHandler                                  build/startup_stm32f746xx.o
UART7_IRQHandler                                  build/startup_stm32f746xx.o
UART8_IRQHandler                                  build/startup_stm32f746xx.o
UART_AdvFeatureConfig                             build/stm32f7xx_hal_uart.o
                                                  build/stm32f7xx_hal_uart_ex.o
UART_CheckIdleState                               build/stm32f7xx_hal_uart.o
                                                  build/stm32f7xx_hal_uart_ex.o
UART_SetConfig                                    build/stm32f7xx_hal_uart.o
                                                  build/stm32f7xx_hal_uart_ex.o
UART_Start_Receive_DMA                            build/stm32f7xx_hal_uart.o
                                                  build/stm32f7xx_hal_uart_ex.o
UART_Start_Receive_IT                             build/stm32f7xx_hal_uart.o
                                                  build/stm32f7xx_hal_uart_ex.o
UART_WaitOnFlagUntilTimeout                       build/stm32f7xx_hal_uart.o
USART1_IRQHandler                                 build/startup_stm32f746xx.o
USART2_IRQHandler                                 build/startup_stm32f746xx.o
USART3_IRQHandler                                 build/startup_stm32f746xx.o
USART6_IRQHandler                                 build/stm32f7xx_it.o
UsageFault_Handler                                build/stm32f7xx_it.o
WWDG_IRQHandler                                   build/startup_stm32f746xx.o
_ITM_deregisterTMCloneTable                       /usr/lib/gcc/arm-none-eabi/10.3.1/thumb/v7e-m+fp/hard/crtbegin.o
_ITM_registerTMCloneTable                         /usr/lib/gcc/arm-none-eabi/10.3.1/thumb/v7e-m+fp/hard/crtbegin.o
__TMC_END__                                       /usr/lib/gcc/arm-none-eabi/10.3.1/thumb/v7e-m+fp/hard/crtend.o
                                                  /usr/lib/gcc/arm-none-eabi/10.3.1/thumb/v7e-m+fp/hard/crtbegin.o
__aeabi_idiv0                                     /usr/lib/gcc/arm-none-eabi/10.3.1/thumb/v7e-m+fp/hard/libgcc.a(_dvmd_tls.o)
__aeabi_ldiv0                                     /usr/lib/gcc/arm-none-eabi/10.3.1/thumb/v7e-m+fp/hard/libgcc.a(_dvmd_tls.o)
                                                  /usr/lib/gcc/arm-none-eabi/10.3.1/thumb/v7e-m+fp/hard/libgcc.a(_aeabi_uldivmod.o)
__aeabi_uldivmod                                  /usr/lib/gcc/arm-none-eabi/10.3.1/thumb/v7e-m+fp/hard/libgcc.a(_aeabi_uldivmod.o)
                                                  build/stm32f7xx_hal_rcc.o
__atexit_dummy                                    /usr/lib/gcc/arm-none-eabi/10.3.1/../../../arm-none-eabi/lib/thumb/v7e-m+fp/hard/libc_nano.a(lib_a-__atexit.o)
__bss_end__                                       /usr/lib/gcc/arm-none-eabi/10.3.1/../../../arm-none-eabi/lib/thumb/v7e-m+fp/hard/crt0.o
__bss_start__                                     /usr/lib/gcc/arm-none-eabi/10.3.1/../../../arm-none-eabi/lib/thumb/v7e-m+fp/hard/crt0.o
__call_exitprocs                                  /usr/lib/gcc/arm-none-eabi/10.3.1/../../../arm-none-eabi/lib/thumb/v7e-m+fp/hard/libc_nano.a(lib_a-__call_atexit.o)
                                                  /usr/lib/gcc/arm-none-eabi/10.3.1/../../../arm-none-eabi/lib/thumb/v7e-m+fp/hard/libc_nano.a(lib_a-__atexit.o)
                                                  /usr/lib/gcc/arm-none-eabi/10.3.1/../../../arm-none-eabi/lib/thumb/v7e-m+fp/hard/libc_nano.a(lib_a-exit.o)
__deregister_frame_info                           /usr/lib/gcc/arm-none-eabi/10.3.1/thumb/v7e-m+fp/hard/crtbegin.o
__dso_handle                                      /usr/lib/gcc/arm-none-eabi/10.3.1/thumb/v7e-m+fp/hard/crtbegin.o
__fini_array_end                                  /usr/lib/gcc/arm-none-eabi/10.3.1/../../../arm-none-eabi/lib/thumb/v7e-m+fp/hard/libc_nano.a(lib_a-fini.o)
__fini_array_start                                /usr/lib/gcc/arm-none-eabi/10.3.1/../../../arm-none-eabi/lib/thumb/v7e-m+fp/hard/libc_nano.a(lib_a-fini.o)
__init_array_end                                  /usr/lib/gcc/arm-none-eabi/10.3.1/../../../arm-none-eabi/lib/thumb/v7e-m+fp/hard/libc_nano.a(lib_a-init.o)
__init_array_start                                /usr/lib/gcc/arm-none-eabi/10.3.1/../../../arm-none-eabi/lib/thumb/v7e-m+fp/hard/libc_nano.a(lib_a-init.o)
__libc_fini_array                                 /usr/lib/gcc/arm-none-eabi/10.3.1/../../../arm-none-eabi/lib/thumb/v7e-m+fp/hard/libc_nano.a(lib_a-fini.o)
                                                  /usr/lib/gcc/arm-none-eabi/10.3.1/../../../arm-none-eabi/lib/thumb/v7e-m+fp/hard/crt0.o
__libc_init_array                                 /usr/lib/gcc/arm-none-eabi/10.3.1/../../../arm-none-eabi/lib/thumb/v7e-m+fp/hard/libc_nano.a(lib_a-init.o)
                                                  build/startup_stm32f746xx.o
                                                  /usr/lib/gcc/arm-none-eabi/10.3.1/../../../arm-none-eabi/lib/thumb/v7e-m+fp/hard/crt0.o
__on_exit_args                                    /usr/lib/gcc/arm-none-eabi/10.3.1/../../../arm-none-eabi/lib/thumb/v7e-m+fp/hard/libc_nano.a(lib_a-__atexit.o)
__preinit_array_end                               /usr/lib/gcc/arm-none-eabi/10.3.1/../../../arm-none-eabi/lib/thumb/v7e-m+fp/hard/libc_nano.a(lib_a-init.o)
__preinit_array_start                             /usr/lib/gcc/arm-none-eabi/10.3.1/../../../arm-none-eabi/lib/thumb/v7e-m+fp/hard/libc_nano.a(lib_a-init.o)
__register_exitproc                               /usr/lib/gcc/arm-none-eabi/10.3.1/../../../arm-none-eabi/lib/thumb/v7e-m+fp/hard/libc_nano.a(lib_a-__atexit.o)
                                                  /usr/lib/gcc/arm-none-eabi/10.3.1/../../../arm-none-eabi/lib/thumb/v7e-m+fp/hard/libc_nano.a(lib_a-atexit.o)
__register_frame_info                             /usr/lib/gcc/arm-none-eabi/10.3.1/thumb/v7e-m+fp/hard/crtbegin.o
__sf_fake_stderr                                  /usr/lib/gcc/arm-none-eabi/10.3.1/../../../arm-none-eabi/lib/thumb/v7e-m+fp/hard/libc_nano.a(lib_a-impure.o)
__sf_fake_stdin                                   /usr/lib/gcc/arm-none-eabi/10.3.1/../../../arm-none-eabi/lib/thumb/v7e-m+fp/hard/libc_nano.a(lib_a-impure.o)
__sf_fake_stdout                                  /usr/lib/gcc/arm-none-eabi/10.3.1/../../../arm-none-eabi/lib/thumb/v7e-m+fp/hard/libc_nano.a(lib_a-impure.o)
__stack                                           /usr/lib/gcc/arm-none-eabi/10.3.1/../../../arm-none-eabi/lib/thumb/v7e-m+fp/hard/crt0.o
__udivmoddi4                                      /usr/lib/gcc/arm-none-eabi/10.3.1/thumb/v7e-m+fp/hard/libgcc.a(_udivmoddi4.o)
                                                  /usr/lib/gcc/arm-none-eabi/10.3.1/thumb/v7e-m+fp/hard/libgcc.a(_aeabi_uldivmod.o)
_ebss                                             build/startup_stm32f746xx.o
_edata                                            build/startup_stm32f746xx.o
_estack                                           build/startup_stm32f746xx.o
_exit                                             /usr/lib/gcc/arm-none-eabi/10.3.1/../../../arm-none-eabi/lib/thumb/v7e-m+fp/hard/libnosys.a(_exit.o)
                                                  /usr/lib/gcc/arm-none-eabi/10.3.1/../../../arm-none-eabi/lib/thumb/v7e-m+fp/hard/libc_nano.a(lib_a-exit.o)
_fini                                             /usr/lib/gcc/arm-none-eabi/10.3.1/thumb/v7e-m+fp/hard/crti.o
                                                  /usr/lib/gcc/arm-none-eabi/10.3.1/../../../arm-none-eabi/lib/thumb/v7e-m+fp/hard/libc_nano.a(lib_a-fini.o)
_global_atexit                                    /usr/lib/gcc/arm-none-eabi/10.3.1/../../../arm-none-eabi/lib/thumb/v7e-m+fp/hard/libc_nano.a(lib_a-__call_atexit.o)
                                                  /usr/lib/gcc/arm-none-eabi/10.3.1/../../../arm-none-eabi/lib/thumb/v7e-m+fp/hard/libc_nano.a(lib_a-__atexit.o)
_global_impure_ptr                                /usr/lib/gcc/arm-none-eabi/10.3.1/../../../arm-none-eabi/lib/thumb/v7e-m+fp/hard/libc_nano.a(lib_a-impure.o)
                                                  /usr/lib/gcc/arm-none-eabi/10.3.1/../../../arm-none-eabi/lib/thumb/v7e-m+fp/hard/libc_nano.a(lib_a-exit.o)
_impure_ptr                                       /usr/lib/gcc/arm-none-eabi/10.3.1/../../../arm-none-eabi/lib/thumb/v7e-m+fp/hard/libc_nano.a(lib_a-impure.o)
_init                                             /usr/lib/gcc/arm-none-eabi/10.3.1/thumb/v7e-m+fp/hard/crti.o
                                                  /usr/lib/gcc/arm-none-eabi/10.3.1/../../../arm-none-eabi/lib/thumb/v7e-m+fp/hard/libc_nano.a(lib_a-init.o)
_mainCRTStartup                                   /usr/lib/gcc/arm-none-eabi/10.3.1/../../../arm-none-eabi/lib/thumb/v7e-m+fp/hard/crt0.o
_sbss                                             build/startup_stm32f746xx.o
_sdata                                            build/startup_stm32f746xx.o
_sidata                                           build/startup_stm32f746xx.o
_stack_init                                       /usr/lib/gcc/arm-none-eabi/10.3.1/../../../arm-none-eabi/lib/thumb/v7e-m+fp/hard/crt0.o
_start                                            /usr/lib/gcc/arm-none-eabi/10.3.1/../../../arm-none-eabi/lib/thumb/v7e-m+fp/hard/crt0.o
atexit                                            /usr/lib/gcc/arm-none-eabi/10.3.1/../../../arm-none-eabi/lib/thumb/v7e-m+fp/hard/libc_nano.a(lib_a-atexit.o)
                                                  /usr/lib/gcc/arm-none-eabi/10.3.1/../../../arm-none-eabi/lib/thumb/v7e-m+fp/hard/crt0.o
b                                                 build/main.o
buffer                                            build/main.o
cat1                                              build/main.o
cat2                                              build/main.o
cat3                                              build/main.o
cmd_set_cyrillic                                  build/main.o
cmd_set_ibm                                       build/main.o
data_begin_print                                  build/main.o
data_end                                          build/main.o
data_init                                         build/main.o
data_print                                        build/main.o
data_reset                                        build/main.o
data_set_mode                                     build/main.o
exit                                              /usr/lib/gcc/arm-none-eabi/10.3.1/../../../arm-none-eabi/lib/thumb/v7e-m+fp/hard/libc_nano.a(lib_a-exit.o)
                                                  /usr/lib/gcc/arm-none-eabi/10.3.1/../../../arm-none-eabi/lib/thumb/v7e-m+fp/hard/crt0.o
g_pfnVectors                                      build/startup_stm32f746xx.o
hardware_init_hook                                /usr/lib/gcc/arm-none-eabi/10.3.1/../../../arm-none-eabi/lib/thumb/v7e-m+fp/hard/crt0.o
hdma_uart7_rx                                     build/usart.o
                                                  build/stm32f7xx_it.o
hdma_uart7_tx                                     build/usart.o
                                                  build/stm32f7xx_it.o
huart6                                            build/usart.o
                                                  build/stm32f7xx_it.o
                                                  build/main.o
huart7                                            build/usart.o
                                                  build/main.o
letters                                           build/main.o
main                                              build/main.o
                                                  build/startup_stm32f746xx.o
                                                  /usr/lib/gcc/arm-none-eabi/10.3.1/../../../arm-none-eabi/lib/thumb/v7e-m+fp/hard/crt0.o
malloc                                            /usr/lib/gcc/arm-none-eabi/10.3.1/../../../arm-none-eabi/lib/thumb/v7e-m+fp/hard/libc_nano.a(lib_a-__atexit.o)
memset                                            /usr/lib/gcc/arm-none-eabi/10.3.1/../../../arm-none-eabi/lib/thumb/v7e-m+fp/hard/libc_nano.a(lib_a-memset.o)
                                                  build/usart.o
                                                  build/main.o
                                                  /usr/lib/gcc/arm-none-eabi/10.3.1/../../../arm-none-eabi/lib/thumb/v7e-m+fp/hard/crt0.o
message                                           build/main.o
new_line                                          build/main.o
pFlash                                            build/stm32f7xx_hal_flash.o
                                                  build/stm32f7xx_hal_flash_ex.o
print_string                                      build/main.o
seek_string_end                                   build/main.o
software_init_hook                                /usr/lib/gcc/arm-none-eabi/10.3.1/../../../arm-none-eabi/lib/thumb/v7e-m+fp/hard/crt0.o