<html>
<body>
<pre>
<h1>µVision Build Log</h1>
<h2>Tool Versions:</h2>
IDE-Version: µVision V5.24.1
Copyright (C) 2017 ARM Ltd and ARM Germany GmbH. All rights reserved.
License Information: Nokilay Klinov, AKTOR, LIC=UJWP0-B6CBI-2Z3W4-F9L2N-PI1FX-0N5UN
 
Tool Versions:
Toolchain:       MDK-ARM Plus  Version: 5.24.1
Toolchain Path:  C:\Keil_v5\ARM\ARMCC\Bin
C Compiler:      Armcc.exe V5.06 update 5 (build 528)
Assembler:       Armasm.exe V5.06 update 5 (build 528)
Linker/Locator:  ArmLink.exe V5.06 update 5 (build 528)
Library Manager: ArmAr.exe V5.06 update 5 (build 528)
Hex Converter:   FromElf.exe V5.06 update 5 (build 528)
CPU DLL:         SARMCM3.DLL V5.24.1
Dialog DLL:      DCM.DLL V1.16.0.0
Target DLL:      STLink\ST-LINKIII-KEIL_SWO.dll V3.0.1.0
Dialog DLL:      TCM.DLL V1.32.0.0
 
<h2>Project:</h2>
C:\Users\kolik\OneDrive\Ðàáî÷èé ñòîë\AKTOR\CDD\Embedded\Thermal_Printer\MDK-ARM\Thermal_Printer.uvprojx
Project File Date:  04/07/2024

<h2>Output:</h2>
*** Using Compiler 'V5.06 update 5 (build 528)', folder: 'C:\Keil_v5\ARM\ARMCC\Bin'
Build target 'Thermal_Printer'
compiling main.c...
../Core/Src/main.c(200): warning:  #177-D: variable "buff"  was declared but never referenced
  	uint8_t buff[1] = {' '};
../Core/Src/main.c: 1 warning, 0 errors
linking...
Program Size: Code=7354 RO-data=522 RW-data=20 ZI-data=1964  
FromELF: creating hex file...
"Thermal_Printer\Thermal_Printer.axf" - 0 Error(s), 1 Warning(s).

<h2>Software Packages used:</h2>

Package Vendor: ARM
                http://www.keil.com/pack/ARM.CMSIS.5.9.0.pack
                ARM.CMSIS.5.9.0
                CMSIS (Common Microcontroller Software Interface Standard)
   * Component: CORE Version: 5.6.0

Package Vendor: Keil
                https://www.keil.com/pack/Keil.STM32F7xx_DFP.2.15.2.pack
                Keil.STM32F7xx_DFP.2.15.2
                STMicroelectronics STM32F7 Series Device Support, Drivers and Examples

<h2>Collection of Component include folders:</h2>
  .\RTE\_Thermal_Printer
  C:\Keil_v5\ARM\PACK\ARM\CMSIS\5.9.0\CMSIS\Core\Include
  C:\Keil_v5\ARM\PACK\Keil\STM32F7xx_DFP\2.15.2\Drivers\CMSIS\Device\ST\STM32F7xx\Include

<h2>Collection of Component Files used:</h2>

   * Component: ARM::CMSIS:CORE:5.6.0
Build Time Elapsed:  00:00:02
</pre>
</body>
</html>
